2025-03-24 22:09:51 - Starting MovieRecommendationApplicationTests using Java 21.0.3 with PID 95187 (started by jarvis in /Users/jarvis/Downloads/movierecommendation)
2025-03-24 22:09:51 - Running with Spring Boot v3.4.4, Spring v6.2.5
2025-03-24 22:09:51 - The following 1 profile is active: "dev"
2025-03-24 22:09:51 - Bootstrapping Spring Data JPA repositories in DEFAULT mode.
2025-03-24 22:09:51 - Finished Spring Data repository scanning in 29 ms. Found 2 JPA repository interfaces.
2025-03-24 22:09:52 - HHH000204: Processing PersistenceUnitInfo [name: default]
2025-03-24 22:09:52 - HHH000412: Hibernate ORM core version 6.6.11.Final
2025-03-24 22:09:52 - HHH000026: Second-level cache disabled
2025-03-24 22:09:52 - No LoadTimeWeaver setup: ignoring JPA class transformer
2025-03-24 22:09:52 - HikariPool-1 - Starting...
2025-03-24 22:09:52 - HikariPool-1 - Added connection conn0: url=jdbc:h2:mem:testdb user=SA
2025-03-24 22:09:52 - HikariPool-1 - Start completed.
2025-03-24 22:09:52 - HHH90000025: H2Dialect does not need to be specified explicitly using 'hibernate.dialect' (remove the property setting and it will be selected by default)
2025-03-24 22:09:52 - HHH10001005: Database info:
	Database JDBC URL [Connecting through datasource 'HikariDataSource (HikariPool-1)']
	Database driver: undefined/unknown
	Database version: 2.3.232
	Autocommit mode: undefined/unknown
	Isolation level: undefined/unknown
	Minimum pool size: undefined/unknown
	Maximum pool size: undefined/unknown
2025-03-24 22:09:52 - HHH000489: No JTA platform available (set 'hibernate.transaction.jta.platform' to enable JTA platform integration)
2025-03-24 22:09:52 - Initialized JPA EntityManagerFactory for persistence unit 'default'
2025-03-24 22:09:52 - Hibernate is in classpath; If applicable, HQL parser will be used.
2025-03-24 22:09:53 - spring.jpa.open-in-view is enabled by default. Therefore, database queries may be performed during view rendering. Explicitly configure spring.jpa.open-in-view to disable this warning
2025-03-24 22:09:53 - Global AuthenticationManager configured with UserDetailsService bean with name userDetailsService
2025-03-24 22:09:53 - Failed to set up a Bean Validation provider: jakarta.validation.NoProviderFoundException: Unable to create a Configuration, because no Jakarta Validation provider could be found. Add a provider like Hibernate Validator (RI) to your classpath.
2025-03-24 22:09:53 - Started MovieRecommendationApplicationTests in 2.56 seconds (process running for 2.989)
2025-03-24 22:09:54 - Closing JPA EntityManagerFactory for persistence unit 'default'
2025-03-24 22:09:54 - HikariPool-1 - Shutdown initiated...
2025-03-24 22:09:54 - HikariPool-1 - Shutdown completed.
2025-03-24 22:10:01 - Starting MovieRecommendationApplication using Java 21.0.3 with PID 95198 (/Users/jarvis/Downloads/movierecommendation/target/classes started by jarvis in /Users/jarvis/Downloads/movierecommendation)
2025-03-24 22:10:01 - Running with Spring Boot v3.4.4, Spring v6.2.5
2025-03-24 22:10:01 - The following 1 profile is active: "dev"
2025-03-24 22:10:01 - Devtools property defaults active! Set 'spring.devtools.add-properties' to 'false' to disable
2025-03-24 22:10:01 - For additional web related logging consider setting the 'logging.level.web' property to 'DEBUG'
2025-03-24 22:10:01 - Bootstrapping Spring Data JPA repositories in DEFAULT mode.
2025-03-24 22:10:02 - Finished Spring Data repository scanning in 23 ms. Found 2 JPA repository interfaces.
2025-03-24 22:10:02 - Tomcat initialized with port 8080 (http)
2025-03-24 22:10:02 - Initializing ProtocolHandler ["http-nio-8080"]
2025-03-24 22:10:02 - Starting service [Tomcat]
2025-03-24 22:10:02 - Starting Servlet engine: [Apache Tomcat/10.1.39]
2025-03-24 22:10:02 - Initializing Spring embedded WebApplicationContext
2025-03-24 22:10:02 - Root WebApplicationContext: initialization completed in 854 ms
2025-03-24 22:10:02 - HHH000204: Processing PersistenceUnitInfo [name: default]
2025-03-24 22:10:02 - HHH000412: Hibernate ORM core version 6.6.11.Final
2025-03-24 22:10:02 - HHH000026: Second-level cache disabled
2025-03-24 22:10:02 - No LoadTimeWeaver setup: ignoring JPA class transformer
2025-03-24 22:10:02 - HikariPool-1 - Starting...
2025-03-24 22:10:02 - HikariPool-1 - Added connection conn0: url=jdbc:h2:mem:testdb user=SA
2025-03-24 22:10:02 - HikariPool-1 - Start completed.
2025-03-24 22:10:02 - HHH90000025: H2Dialect does not need to be specified explicitly using 'hibernate.dialect' (remove the property setting and it will be selected by default)
2025-03-24 22:10:02 - HHH10001005: Database info:
	Database JDBC URL [Connecting through datasource 'HikariDataSource (HikariPool-1)']
	Database driver: undefined/unknown
	Database version: 2.3.232
	Autocommit mode: undefined/unknown
	Isolation level: undefined/unknown
	Minimum pool size: undefined/unknown
	Maximum pool size: undefined/unknown
2025-03-24 22:10:03 - HHH000489: No JTA platform available (set 'hibernate.transaction.jta.platform' to enable JTA platform integration)
2025-03-24 22:10:03 - Initialized JPA EntityManagerFactory for persistence unit 'default'
2025-03-24 22:10:03 - Hibernate is in classpath; If applicable, HQL parser will be used.
2025-03-24 22:10:03 - Filter 'apiKeyFilter' configured for use
2025-03-24 22:10:03 - spring.jpa.open-in-view is enabled by default. Therefore, database queries may be performed during view rendering. Explicitly configure spring.jpa.open-in-view to disable this warning
2025-03-24 22:10:03 - Global AuthenticationManager configured with UserDetailsService bean with name userDetailsService
2025-03-24 22:10:03 - Failed to set up a Bean Validation provider: jakarta.validation.NoProviderFoundException: Unable to create a Configuration, because no Jakarta Validation provider could be found. Add a provider like Hibernate Validator (RI) to your classpath.
2025-03-24 22:10:03 - H2 console available at '/h2-console'. Database available at 'jdbc:h2:mem:testdb'
2025-03-24 22:10:04 - LiveReload server is running on port 35729
2025-03-24 22:10:04 - Starting ProtocolHandler ["http-nio-8080"]
2025-03-24 22:10:04 - Tomcat started on port 8080 (http) with context path '/mra'
2025-03-24 22:10:04 - Started MovieRecommendationApplication in 2.944 seconds (process running for 3.175)
2025-03-24 22:10:28 - Initializing Spring DispatcherServlet 'dispatcherServlet'
2025-03-24 22:10:28 - Initializing Servlet 'dispatcherServlet'
2025-03-24 22:10:28 - Completed initialization in 9 ms
2025-03-24 22:10:28 - Database connection successful.
2025-03-24 22:12:53 - Commencing graceful shutdown. Waiting for active requests to complete
2025-03-24 22:12:55 - Graceful shutdown complete
2025-03-24 22:12:55 - Closing JPA EntityManagerFactory for persistence unit 'default'
2025-03-24 22:12:55 - Invocation of destroy method failed on bean with name 'inMemoryDatabaseShutdownExecutor': org.h2.jdbc.JdbcSQLNonTransientConnectionException: Database is already closed (to disable automatic closing at VM shutdown, add ";DB_CLOSE_ON_EXIT=FALSE" to the db URL) [90121-232]
2025-03-24 22:12:55 - HikariPool-1 - Shutdown initiated...
2025-03-24 22:12:55 - HikariPool-1 - Shutdown completed.
2025-03-24 22:12:58 - Starting MovieRecommendationApplication using Java 21.0.3 with PID 95248 (/Users/jarvis/Downloads/movierecommendation/target/classes started by jarvis in /Users/jarvis/Downloads/movierecommendation)
2025-03-24 22:12:58 - Running with Spring Boot v3.4.4, Spring v6.2.5
2025-03-24 22:12:58 - The following 1 profile is active: "dev"
2025-03-24 22:12:58 - Devtools property defaults active! Set 'spring.devtools.add-properties' to 'false' to disable
2025-03-24 22:12:58 - For additional web related logging consider setting the 'logging.level.web' property to 'DEBUG'
2025-03-24 22:12:58 - Bootstrapping Spring Data JPA repositories in DEFAULT mode.
2025-03-24 22:12:58 - Finished Spring Data repository scanning in 27 ms. Found 2 JPA repository interfaces.
2025-03-24 22:12:59 - Tomcat initialized with port 8080 (http)
2025-03-24 22:12:59 - Initializing ProtocolHandler ["http-nio-8080"]
2025-03-24 22:12:59 - Starting service [Tomcat]
2025-03-24 22:12:59 - Starting Servlet engine: [Apache Tomcat/10.1.39]
2025-03-24 22:12:59 - Initializing Spring embedded WebApplicationContext
2025-03-24 22:12:59 - Root WebApplicationContext: initialization completed in 726 ms
2025-03-24 22:12:59 - HHH000204: Processing PersistenceUnitInfo [name: default]
2025-03-24 22:12:59 - HHH000412: Hibernate ORM core version 6.6.11.Final
2025-03-24 22:12:59 - HHH000026: Second-level cache disabled
2025-03-24 22:12:59 - No LoadTimeWeaver setup: ignoring JPA class transformer
2025-03-24 22:12:59 - HikariPool-1 - Starting...
2025-03-24 22:12:59 - HikariPool-1 - Added connection conn0: url=jdbc:h2:mem:testdb user=SA
2025-03-24 22:12:59 - HikariPool-1 - Start completed.
2025-03-24 22:12:59 - HHH90000025: H2Dialect does not need to be specified explicitly using 'hibernate.dialect' (remove the property setting and it will be selected by default)
2025-03-24 22:12:59 - HHH10001005: Database info:
	Database JDBC URL [Connecting through datasource 'HikariDataSource (HikariPool-1)']
	Database driver: undefined/unknown
	Database version: 2.3.232
	Autocommit mode: undefined/unknown
	Isolation level: undefined/unknown
	Minimum pool size: undefined/unknown
	Maximum pool size: undefined/unknown
2025-03-24 22:12:59 - HHH000489: No JTA platform available (set 'hibernate.transaction.jta.platform' to enable JTA platform integration)
2025-03-24 22:12:59 - Initialized JPA EntityManagerFactory for persistence unit 'default'
2025-03-24 22:12:59 - Hibernate is in classpath; If applicable, HQL parser will be used.
2025-03-24 22:13:00 - Filter 'apiKeyFilter' configured for use
2025-03-24 22:13:00 - spring.jpa.open-in-view is enabled by default. Therefore, database queries may be performed during view rendering. Explicitly configure spring.jpa.open-in-view to disable this warning
2025-03-24 22:13:00 - Global AuthenticationManager configured with UserDetailsService bean with name userDetailsService
2025-03-24 22:13:00 - Failed to set up a Bean Validation provider: jakarta.validation.NoProviderFoundException: Unable to create a Configuration, because no Jakarta Validation provider could be found. Add a provider like Hibernate Validator (RI) to your classpath.
2025-03-24 22:13:00 - H2 console available at '/h2-console'. Database available at 'jdbc:h2:mem:testdb'
2025-03-24 22:13:00 - LiveReload server is running on port 35729
2025-03-24 22:13:00 - Starting ProtocolHandler ["http-nio-8080"]
2025-03-24 22:13:00 - Tomcat started on port 8080 (http) with context path '/mra'
2025-03-24 22:13:00 - Started MovieRecommendationApplication in 2.769 seconds (process running for 2.999)
2025-03-24 22:13:25 - Commencing graceful shutdown. Waiting for active requests to complete
2025-03-24 22:13:27 - Graceful shutdown complete
2025-03-24 22:13:27 - Closing JPA EntityManagerFactory for persistence unit 'default'
2025-03-24 22:13:27 - Invocation of destroy method failed on bean with name 'inMemoryDatabaseShutdownExecutor': org.h2.jdbc.JdbcSQLNonTransientConnectionException: Database is already closed (to disable automatic closing at VM shutdown, add ";DB_CLOSE_ON_EXIT=FALSE" to the db URL) [90121-232]
2025-03-24 22:13:27 - HikariPool-1 - Shutdown initiated...
2025-03-24 22:13:27 - HikariPool-1 - Shutdown completed.
2025-03-24 22:13:30 - Starting MovieRecommendationApplication using Java 21.0.3 with PID 95256 (/Users/jarvis/Downloads/movierecommendation/target/classes started by jarvis in /Users/jarvis/Downloads/movierecommendation)
2025-03-24 22:13:30 - Running with Spring Boot v3.4.4, Spring v6.2.5
2025-03-24 22:13:30 - The following 1 profile is active: "dev"
2025-03-24 22:13:30 - Devtools property defaults active! Set 'spring.devtools.add-properties' to 'false' to disable
2025-03-24 22:13:30 - For additional web related logging consider setting the 'logging.level.web' property to 'DEBUG'
2025-03-24 22:13:30 - Bootstrapping Spring Data JPA repositories in DEFAULT mode.
2025-03-24 22:13:30 - Finished Spring Data repository scanning in 24 ms. Found 2 JPA repository interfaces.
2025-03-24 22:13:30 - Tomcat initialized with port 8080 (http)
2025-03-24 22:13:30 - Initializing ProtocolHandler ["http-nio-8080"]
2025-03-24 22:13:30 - Starting service [Tomcat]
2025-03-24 22:13:30 - Starting Servlet engine: [Apache Tomcat/10.1.39]
2025-03-24 22:13:30 - Initializing Spring embedded WebApplicationContext
2025-03-24 22:13:30 - Root WebApplicationContext: initialization completed in 771 ms
2025-03-24 22:13:30 - HHH000204: Processing PersistenceUnitInfo [name: default]
2025-03-24 22:13:30 - HHH000412: Hibernate ORM core version 6.6.11.Final
2025-03-24 22:13:30 - HHH000026: Second-level cache disabled
2025-03-24 22:13:31 - No LoadTimeWeaver setup: ignoring JPA class transformer
2025-03-24 22:13:31 - HikariPool-1 - Starting...
2025-03-24 22:13:31 - HikariPool-1 - Added connection conn0: url=jdbc:h2:mem:testdb user=SA
2025-03-24 22:13:31 - HikariPool-1 - Start completed.
2025-03-24 22:13:31 - HHH90000025: H2Dialect does not need to be specified explicitly using 'hibernate.dialect' (remove the property setting and it will be selected by default)
2025-03-24 22:13:31 - HHH10001005: Database info:
	Database JDBC URL [Connecting through datasource 'HikariDataSource (HikariPool-1)']
	Database driver: undefined/unknown
	Database version: 2.3.232
	Autocommit mode: undefined/unknown
	Isolation level: undefined/unknown
	Minimum pool size: undefined/unknown
	Maximum pool size: undefined/unknown
2025-03-24 22:13:31 - HHH000489: No JTA platform available (set 'hibernate.transaction.jta.platform' to enable JTA platform integration)
2025-03-24 22:13:31 - Initialized JPA EntityManagerFactory for persistence unit 'default'
2025-03-24 22:13:31 - Hibernate is in classpath; If applicable, HQL parser will be used.
2025-03-24 22:13:31 - Filter 'apiKeyFilter' configured for use
2025-03-24 22:13:32 - spring.jpa.open-in-view is enabled by default. Therefore, database queries may be performed during view rendering. Explicitly configure spring.jpa.open-in-view to disable this warning
2025-03-24 22:13:32 - Global AuthenticationManager configured with UserDetailsService bean with name userDetailsService
2025-03-24 22:13:32 - Failed to set up a Bean Validation provider: jakarta.validation.NoProviderFoundException: Unable to create a Configuration, because no Jakarta Validation provider could be found. Add a provider like Hibernate Validator (RI) to your classpath.
2025-03-24 22:13:32 - H2 console available at '/h2-console'. Database available at 'jdbc:h2:mem:testdb'
2025-03-24 22:13:32 - LiveReload server is running on port 35729
2025-03-24 22:13:32 - Starting ProtocolHandler ["http-nio-8080"]
2025-03-24 22:13:32 - Tomcat started on port 8080 (http) with context path '/mra'
2025-03-24 22:13:32 - Started MovieRecommendationApplication in 2.814 seconds (process running for 3.047)
2025-03-24 22:13:35 - Initializing Spring DispatcherServlet 'dispatcherServlet'
2025-03-24 22:13:35 - Initializing Servlet 'dispatcherServlet'
2025-03-24 22:13:35 - Completed initialization in 1 ms
2025-03-24 22:14:31 - Database connection successful.
2025-03-24 23:32:16 - Restarting due to 24 class path changes (0 additions, 0 deletions, 24 modifications)
2025-03-24 23:32:16 - Commencing graceful shutdown. Waiting for active requests to complete
2025-03-24 23:32:16 - Pausing ProtocolHandler ["http-nio-8080"]
2025-03-24 23:32:16 - Starting MovieRecommendationApplicationTests using Java 21.0.3 with PID 96141 (started by jarvis in /Users/jarvis/Downloads/movierecommendation)
2025-03-24 23:32:16 - Running with Spring Boot v3.4.4, Spring v6.2.5
2025-03-24 23:32:16 - The following 1 profile is active: "dev"
2025-03-24 23:32:17 - Bootstrapping Spring Data JPA repositories in DEFAULT mode.
2025-03-24 23:32:17 - Finished Spring Data repository scanning in 27 ms. Found 2 JPA repository interfaces.
2025-03-24 23:32:17 - HHH000204: Processing PersistenceUnitInfo [name: default]
2025-03-24 23:32:17 - HHH000412: Hibernate ORM core version 6.6.11.Final
2025-03-24 23:32:17 - HHH000026: Second-level cache disabled
2025-03-24 23:32:17 - No LoadTimeWeaver setup: ignoring JPA class transformer
2025-03-24 23:32:17 - HikariPool-1 - Starting...
2025-03-24 23:32:17 - HikariPool-1 - Added connection conn0: url=jdbc:h2:mem:testdb user=SA
2025-03-24 23:32:17 - HikariPool-1 - Start completed.
2025-03-24 23:32:17 - HHH90000025: H2Dialect does not need to be specified explicitly using 'hibernate.dialect' (remove the property setting and it will be selected by default)
2025-03-24 23:32:17 - HHH10001005: Database info:
	Database JDBC URL [Connecting through datasource 'HikariDataSource (HikariPool-1)']
	Database driver: undefined/unknown
	Database version: 2.3.232
	Autocommit mode: undefined/unknown
	Isolation level: undefined/unknown
	Minimum pool size: undefined/unknown
	Maximum pool size: undefined/unknown
2025-03-24 23:32:18 - HHH000489: No JTA platform available (set 'hibernate.transaction.jta.platform' to enable JTA platform integration)
2025-03-24 23:32:18 - Initialized JPA EntityManagerFactory for persistence unit 'default'
2025-03-24 23:32:18 - Hibernate is in classpath; If applicable, HQL parser will be used.
2025-03-24 23:32:18 - Exception encountered during context initialization - cancelling refresh attempt: org.springframework.beans.factory.UnsatisfiedDependencyException: Error creating bean with name 'securityConfig': Unsatisfied dependency expressed through field 'apiKeyFilter': Error creating bean with name 'apiKeyFilter': Unsatisfied dependency expressed through field 'apiKeyService': Error creating bean with name 'apiKeyServiceImpl': Unsatisfied dependency expressed through field 'passwordEncoder': No qualifying bean of type 'org.springframework.security.crypto.password.PasswordEncoder' available: expected at least 1 bean which qualifies as autowire candidate. Dependency annotations: {@org.springframework.beans.factory.annotation.Autowired(required=true)}
2025-03-24 23:32:18 - Closing JPA EntityManagerFactory for persistence unit 'default'
2025-03-24 23:32:18 - HikariPool-1 - Shutdown initiated...
2025-03-24 23:32:18 - HikariPool-1 - Shutdown completed.
2025-03-24 23:32:18 - 

Error starting ApplicationContext. To display the condition evaluation report re-run your application with 'debug' enabled.
2025-03-24 23:32:18 - 

***************************
APPLICATION FAILED TO START
***************************

Description:

Field passwordEncoder in com.movies.movierecommendation.service.ApiKeyServiceImpl required a bean of type 'org.springframework.security.crypto.password.PasswordEncoder' that could not be found.

The injection point has the following annotations:
	- @org.springframework.beans.factory.annotation.Autowired(required=true)


Action:

Consider defining a bean of type 'org.springframework.security.crypto.password.PasswordEncoder' in your configuration.

2025-03-24 23:32:18 - Caught exception while allowing TestExecutionListener [org.springframework.test.context.web.ServletTestExecutionListener] to prepare test instance [com.movies.movierecommendation.MovieRecommendationApplicationTests@412bb41f]
java.lang.IllegalStateException: Failed to load ApplicationContext for [WebMergedContextConfiguration@74f1e112 testClass = com.movies.movierecommendation.MovieRecommendationApplicationTests, locations = [], classes = [com.movies.movierecommendation.MovieRecommendationApplication], contextInitializerClasses = [], activeProfiles = [], propertySourceDescriptors = [], propertySourceProperties = ["org.springframework.boot.test.context.SpringBootTestContextBootstrapper=true"], contextCustomizers = [org.springframework.boot.test.context.filter.ExcludeFilterContextCustomizer@19e4653c, org.springframework.boot.test.json.DuplicateJsonObjectContextCustomizerFactory$DuplicateJsonObjectContextCustomizer@3a7442c7, org.springframework.boot.test.mock.mockito.MockitoContextCustomizer@0, org.springframework.boot.test.web.client.TestRestTemplateContextCustomizer@5f049ea1, org.springframework.boot.test.web.reactor.netty.DisableReactorResourceFactoryGlobalResourcesContextCustomizerFactory$DisableReactorResourceFactoryGlobalResourcesContextCustomizerCustomizer@5032714f, org.springframework.boot.test.autoconfigure.OnFailureConditionReportContextCustomizerFactory$OnFailureConditionReportContextCustomizer@4681c175, org.springframework.boot.test.autoconfigure.actuate.observability.ObservabilityContextCustomizerFactory$DisableObservabilityContextCustomizer@1f, org.springframework.boot.test.autoconfigure.properties.PropertyMappingContextCustomizer@0, org.springframework.boot.test.autoconfigure.web.servlet.WebDriverContextCustomizer@6d60fe40, org.springframework.test.context.support.DynamicPropertiesContextCustomizer@0, org.springframework.boot.test.context.SpringBootTestAnnotation@5b3cbcb5], resourceBasePath = "src/main/webapp", contextLoader = org.springframework.boot.test.context.SpringBootContextLoader, parent = null]
	at org.springframework.test.context.cache.DefaultCacheAwareContextLoaderDelegate.loadContext(DefaultCacheAwareContextLoaderDelegate.java:180)
	at org.springframework.test.context.support.DefaultTestContext.getApplicationContext(DefaultTestContext.java:130)
	at org.springframework.test.context.web.ServletTestExecutionListener.setUpRequestContextIfNecessary(ServletTestExecutionListener.java:200)
	at org.springframework.test.context.web.ServletTestExecutionListener.prepareTestInstance(ServletTestExecutionListener.java:139)
	at org.springframework.test.context.TestContextManager.prepareTestInstance(TestContextManager.java:260)
	at org.springframework.test.context.junit.jupiter.SpringExtension.postProcessTestInstance(SpringExtension.java:160)
	at org.junit.jupiter.engine.descriptor.ClassBasedTestDescriptor.lambda$invokeTestInstancePostProcessors$11(ClassBasedTestDescriptor.java:378)
	at org.junit.jupiter.engine.descriptor.ClassBasedTestDescriptor.executeAndMaskThrowable(ClassBasedTestDescriptor.java:383)
	at org.junit.jupiter.engine.descriptor.ClassBasedTestDescriptor.lambda$invokeTestInstancePostProcessors$12(ClassBasedTestDescriptor.java:378)
	at java.base/java.util.stream.ForEachOps$ForEachOp$OfRef.accept(ForEachOps.java:184)
	at java.base/java.util.stream.ReferencePipeline$3$1.accept(ReferencePipeline.java:197)
	at java.base/java.util.stream.ReferencePipeline$2$1.accept(ReferencePipeline.java:179)
	at java.base/java.util.stream.ReferencePipeline$3$1.accept(ReferencePipeline.java:197)
	at java.base/java.util.ArrayList$ArrayListSpliterator.forEachRemaining(ArrayList.java:1708)
	at java.base/java.util.stream.AbstractPipeline.copyInto(AbstractPipeline.java:509)
	at java.base/java.util.stream.AbstractPipeline.wrapAndCopyInto(AbstractPipeline.java:499)
	at java.base/java.util.stream.ForEachOps$ForEachOp.evaluateSequential(ForEachOps.java:151)
	at java.base/java.util.stream.ForEachOps$ForEachOp$OfRef.evaluateSequential(ForEachOps.java:174)
	at java.base/java.util.stream.AbstractPipeline.evaluate(AbstractPipeline.java:234)
	at java.base/java.util.stream.ReferencePipeline.forEach(ReferencePipeline.java:596)
	at org.junit.jupiter.engine.descriptor.ClassBasedTestDescriptor.invokeTestInstancePostProcessors(ClassBasedTestDescriptor.java:377)
	at org.junit.jupiter.engine.descriptor.ClassBasedTestDescriptor.lambda$instantiateAndPostProcessTestInstance$7(ClassBasedTestDescriptor.java:290)
	at org.junit.platform.engine.support.hierarchical.ThrowableCollector.execute(ThrowableCollector.java:73)
	at org.junit.jupiter.engine.descriptor.ClassBasedTestDescriptor.instantiateAndPostProcessTestInstance(ClassBasedTestDescriptor.java:289)
	at org.junit.jupiter.engine.descriptor.ClassBasedTestDescriptor.lambda$testInstancesProvider$5(ClassBasedTestDescriptor.java:279)
	at java.base/java.util.Optional.orElseGet(Optional.java:364)
	at org.junit.jupiter.engine.descriptor.ClassBasedTestDescriptor.lambda$testInstancesProvider$6(ClassBasedTestDescriptor.java:278)
	at org.junit.jupiter.engine.execution.TestInstancesProvider.getTestInstances(TestInstancesProvider.java:31)
	at org.junit.jupiter.engine.descriptor.TestMethodTestDescriptor.lambda$prepare$1(TestMethodTestDescriptor.java:105)
	at org.junit.platform.engine.support.hierarchical.ThrowableCollector.execute(ThrowableCollector.java:73)
	at org.junit.jupiter.engine.descriptor.TestMethodTestDescriptor.prepare(TestMethodTestDescriptor.java:104)
	at org.junit.jupiter.engine.descriptor.TestMethodTestDescriptor.prepare(TestMethodTestDescriptor.java:68)
	at org.junit.platform.engine.support.hierarchical.NodeTestTask.lambda$prepare$2(NodeTestTask.java:128)
	at org.junit.platform.engine.support.hierarchical.ThrowableCollector.execute(ThrowableCollector.java:73)
	at org.junit.platform.engine.support.hierarchical.NodeTestTask.prepare(NodeTestTask.java:128)
	at org.junit.platform.engine.support.hierarchical.NodeTestTask.execute(NodeTestTask.java:95)
	at java.base/java.util.ArrayList.forEach(ArrayList.java:1596)
	at org.junit.platform.engine.support.hierarchical.SameThreadHierarchicalTestExecutorService.invokeAll(SameThreadHierarchicalTestExecutorService.java:41)
	at org.junit.platform.engine.support.hierarchical.NodeTestTask.lambda$executeRecursively$6(NodeTestTask.java:160)
	at org.junit.platform.engine.support.hierarchical.ThrowableCollector.execute(ThrowableCollector.java:73)
	at org.junit.platform.engine.support.hierarchical.NodeTestTask.lambda$executeRecursively$8(NodeTestTask.java:146)
	at org.junit.platform.engine.support.hierarchical.Node.around(Node.java:137)
	at org.junit.platform.engine.support.hierarchical.NodeTestTask.lambda$executeRecursively$9(NodeTestTask.java:144)
	at org.junit.platform.engine.support.hierarchical.ThrowableCollector.execute(ThrowableCollector.java:73)
	at org.junit.platform.engine.support.hierarchical.NodeTestTask.executeRecursively(NodeTestTask.java:143)
	at org.junit.platform.engine.support.hierarchical.NodeTestTask.execute(NodeTestTask.java:100)
	at java.base/java.util.ArrayList.forEach(ArrayList.java:1596)
	at org.junit.platform.engine.support.hierarchical.SameThreadHierarchicalTestExecutorService.invokeAll(SameThreadHierarchicalTestExecutorService.java:41)
	at org.junit.platform.engine.support.hierarchical.NodeTestTask.lambda$executeRecursively$6(NodeTestTask.java:160)
	at org.junit.platform.engine.support.hierarchical.ThrowableCollector.execute(ThrowableCollector.java:73)
	at org.junit.platform.engine.support.hierarchical.NodeTestTask.lambda$executeRecursively$8(NodeTestTask.java:146)
	at org.junit.platform.engine.support.hierarchical.Node.around(Node.java:137)
	at org.junit.platform.engine.support.hierarchical.NodeTestTask.lambda$executeRecursively$9(NodeTestTask.java:144)
	at org.junit.platform.engine.support.hierarchical.ThrowableCollector.execute(ThrowableCollector.java:73)
	at org.junit.platform.engine.support.hierarchical.NodeTestTask.executeRecursively(NodeTestTask.java:143)
	at org.junit.platform.engine.support.hierarchical.NodeTestTask.execute(NodeTestTask.java:100)
	at org.junit.platform.engine.support.hierarchical.SameThreadHierarchicalTestExecutorService.submit(SameThreadHierarchicalTestExecutorService.java:35)
	at org.junit.platform.engine.support.hierarchical.HierarchicalTestExecutor.execute(HierarchicalTestExecutor.java:57)
	at org.junit.platform.engine.support.hierarchical.HierarchicalTestEngine.execute(HierarchicalTestEngine.java:54)
	at org.junit.platform.launcher.core.EngineExecutionOrchestrator.execute(EngineExecutionOrchestrator.java:198)
	at org.junit.platform.launcher.core.EngineExecutionOrchestrator.execute(EngineExecutionOrchestrator.java:169)
	at org.junit.platform.launcher.core.EngineExecutionOrchestrator.execute(EngineExecutionOrchestrator.java:93)
	at org.junit.platform.launcher.core.EngineExecutionOrchestrator.lambda$execute$0(EngineExecutionOrchestrator.java:58)
	at org.junit.platform.launcher.core.EngineExecutionOrchestrator.withInterceptedStreams(EngineExecutionOrchestrator.java:141)
	at org.junit.platform.launcher.core.EngineExecutionOrchestrator.execute(EngineExecutionOrchestrator.java:57)
	at org.junit.platform.launcher.core.DefaultLauncher.execute(DefaultLauncher.java:103)
	at org.junit.platform.launcher.core.DefaultLauncher.execute(DefaultLauncher.java:85)
	at org.junit.platform.launcher.core.DelegatingLauncher.execute(DelegatingLauncher.java:47)
	at org.apache.maven.surefire.junitplatform.LazyLauncher.execute(LazyLauncher.java:56)
	at org.apache.maven.surefire.junitplatform.JUnitPlatformProvider.execute(JUnitPlatformProvider.java:184)
	at org.apache.maven.surefire.junitplatform.JUnitPlatformProvider.invokeAllTests(JUnitPlatformProvider.java:148)
	at org.apache.maven.surefire.junitplatform.JUnitPlatformProvider.invoke(JUnitPlatformProvider.java:122)
	at org.apache.maven.surefire.booter.ForkedBooter.runSuitesInProcess(ForkedBooter.java:385)
	at org.apache.maven.surefire.booter.ForkedBooter.execute(ForkedBooter.java:162)
	at org.apache.maven.surefire.booter.ForkedBooter.run(ForkedBooter.java:507)
	at org.apache.maven.surefire.booter.ForkedBooter.main(ForkedBooter.java:495)
Caused by: org.springframework.beans.factory.UnsatisfiedDependencyException: Error creating bean with name 'securityConfig': Unsatisfied dependency expressed through field 'apiKeyFilter': Error creating bean with name 'apiKeyFilter': Unsatisfied dependency expressed through field 'apiKeyService': Error creating bean with name 'apiKeyServiceImpl': Unsatisfied dependency expressed through field 'passwordEncoder': No qualifying bean of type 'org.springframework.security.crypto.password.PasswordEncoder' available: expected at least 1 bean which qualifies as autowire candidate. Dependency annotations: {@org.springframework.beans.factory.annotation.Autowired(required=true)}
	at org.springframework.beans.factory.annotation.AutowiredAnnotationBeanPostProcessor$AutowiredFieldElement.resolveFieldValue(AutowiredAnnotationBeanPostProcessor.java:788)
	at org.springframework.beans.factory.annotation.AutowiredAnnotationBeanPostProcessor$AutowiredFieldElement.inject(AutowiredAnnotationBeanPostProcessor.java:768)
	at org.springframework.beans.factory.annotation.InjectionMetadata.inject(InjectionMetadata.java:146)
	at org.springframework.beans.factory.annotation.AutowiredAnnotationBeanPostProcessor.postProcessProperties(AutowiredAnnotationBeanPostProcessor.java:509)
	at org.springframework.beans.factory.support.AbstractAutowireCapableBeanFactory.populateBean(AbstractAutowireCapableBeanFactory.java:1445)
	at org.springframework.beans.factory.support.AbstractAutowireCapableBeanFactory.doCreateBean(AbstractAutowireCapableBeanFactory.java:600)
	at org.springframework.beans.factory.support.AbstractAutowireCapableBeanFactory.createBean(AbstractAutowireCapableBeanFactory.java:523)
	at org.springframework.beans.factory.support.AbstractBeanFactory.lambda$doGetBean$0(AbstractBeanFactory.java:339)
	at org.springframework.beans.factory.support.DefaultSingletonBeanRegistry.getSingleton(DefaultSingletonBeanRegistry.java:347)
	at org.springframework.beans.factory.support.AbstractBeanFactory.doGetBean(AbstractBeanFactory.java:337)
	at org.springframework.beans.factory.support.AbstractBeanFactory.getBean(AbstractBeanFactory.java:202)
	at org.springframework.beans.factory.support.DefaultListableBeanFactory.instantiateSingleton(DefaultListableBeanFactory.java:1155)
	at org.springframework.beans.factory.support.DefaultListableBeanFactory.preInstantiateSingleton(DefaultListableBeanFactory.java:1121)
	at org.springframework.beans.factory.support.DefaultListableBeanFactory.preInstantiateSingletons(DefaultListableBeanFactory.java:1056)
	at org.springframework.context.support.AbstractApplicationContext.finishBeanFactoryInitialization(AbstractApplicationContext.java:987)
	at org.springframework.context.support.AbstractApplicationContext.refresh(AbstractApplicationContext.java:627)
	at org.springframework.boot.SpringApplication.refresh(SpringApplication.java:752)
	at org.springframework.boot.SpringApplication.refreshContext(SpringApplication.java:439)
	at org.springframework.boot.SpringApplication.run(SpringApplication.java:318)
	at org.springframework.boot.test.context.SpringBootContextLoader.lambda$loadContext$3(SpringBootContextLoader.java:144)
	at org.springframework.util.function.ThrowingSupplier.get(ThrowingSupplier.java:58)
	at org.springframework.util.function.ThrowingSupplier.get(ThrowingSupplier.java:46)
	at org.springframework.boot.SpringApplication.withHook(SpringApplication.java:1461)
	at org.springframework.boot.test.context.SpringBootContextLoader$ContextLoaderHook.run(SpringBootContextLoader.java:563)
	at org.springframework.boot.test.context.SpringBootContextLoader.loadContext(SpringBootContextLoader.java:144)
	at org.springframework.boot.test.context.SpringBootContextLoader.loadContext(SpringBootContextLoader.java:110)
	at org.springframework.test.context.cache.DefaultCacheAwareContextLoaderDelegate.loadContextInternal(DefaultCacheAwareContextLoaderDelegate.java:225)
	at org.springframework.test.context.cache.DefaultCacheAwareContextLoaderDelegate.loadContext(DefaultCacheAwareContextLoaderDelegate.java:152)
	... 75 common frames omitted
Caused by: org.springframework.beans.factory.UnsatisfiedDependencyException: Error creating bean with name 'apiKeyFilter': Unsatisfied dependency expressed through field 'apiKeyService': Error creating bean with name 'apiKeyServiceImpl': Unsatisfied dependency expressed through field 'passwordEncoder': No qualifying bean of type 'org.springframework.security.crypto.password.PasswordEncoder' available: expected at least 1 bean which qualifies as autowire candidate. Dependency annotations: {@org.springframework.beans.factory.annotation.Autowired(required=true)}
	at org.springframework.beans.factory.annotation.AutowiredAnnotationBeanPostProcessor$AutowiredFieldElement.resolveFieldValue(AutowiredAnnotationBeanPostProcessor.java:788)
	at org.springframework.beans.factory.annotation.AutowiredAnnotationBeanPostProcessor$AutowiredFieldElement.inject(AutowiredAnnotationBeanPostProcessor.java:768)
	at org.springframework.beans.factory.annotation.InjectionMetadata.inject(InjectionMetadata.java:146)
	at org.springframework.beans.factory.annotation.AutowiredAnnotationBeanPostProcessor.postProcessProperties(AutowiredAnnotationBeanPostProcessor.java:509)
	at org.springframework.beans.factory.support.AbstractAutowireCapableBeanFactory.populateBean(AbstractAutowireCapableBeanFactory.java:1445)
	at org.springframework.beans.factory.support.AbstractAutowireCapableBeanFactory.doCreateBean(AbstractAutowireCapableBeanFactory.java:600)
	at org.springframework.beans.factory.support.AbstractAutowireCapableBeanFactory.createBean(AbstractAutowireCapableBeanFactory.java:523)
	at org.springframework.beans.factory.support.AbstractBeanFactory.lambda$doGetBean$0(AbstractBeanFactory.java:339)
	at org.springframework.beans.factory.support.DefaultSingletonBeanRegistry.getSingleton(DefaultSingletonBeanRegistry.java:347)
	at org.springframework.beans.factory.support.AbstractBeanFactory.doGetBean(AbstractBeanFactory.java:337)
	at org.springframework.beans.factory.support.AbstractBeanFactory.getBean(AbstractBeanFactory.java:202)
	at org.springframework.beans.factory.support.DefaultListableBeanFactory.doResolveDependency(DefaultListableBeanFactory.java:1609)
	at org.springframework.beans.factory.support.DefaultListableBeanFactory.resolveDependency(DefaultListableBeanFactory.java:1555)
	at org.springframework.beans.factory.annotation.AutowiredAnnotationBeanPostProcessor$AutowiredFieldElement.resolveFieldValue(AutowiredAnnotationBeanPostProcessor.java:785)
	... 102 common frames omitted
Caused by: org.springframework.beans.factory.UnsatisfiedDependencyException: Error creating bean with name 'apiKeyServiceImpl': Unsatisfied dependency expressed through field 'passwordEncoder': No qualifying bean of type 'org.springframework.security.crypto.password.PasswordEncoder' available: expected at least 1 bean which qualifies as autowire candidate. Dependency annotations: {@org.springframework.beans.factory.annotation.Autowired(required=true)}
	at org.springframework.beans.factory.annotation.AutowiredAnnotationBeanPostProcessor$AutowiredFieldElement.resolveFieldValue(AutowiredAnnotationBeanPostProcessor.java:788)
	at org.springframework.beans.factory.annotation.AutowiredAnnotationBeanPostProcessor$AutowiredFieldElement.inject(AutowiredAnnotationBeanPostProcessor.java:768)
	at org.springframework.beans.factory.annotation.InjectionMetadata.inject(InjectionMetadata.java:146)
	at org.springframework.beans.factory.annotation.AutowiredAnnotationBeanPostProcessor.postProcessProperties(AutowiredAnnotationBeanPostProcessor.java:509)
	at org.springframework.beans.factory.support.AbstractAutowireCapableBeanFactory.populateBean(AbstractAutowireCapableBeanFactory.java:1445)
	at org.springframework.beans.factory.support.AbstractAutowireCapableBeanFactory.doCreateBean(AbstractAutowireCapableBeanFactory.java:600)
	at org.springframework.beans.factory.support.AbstractAutowireCapableBeanFactory.createBean(AbstractAutowireCapableBeanFactory.java:523)
	at org.springframework.beans.factory.support.AbstractBeanFactory.lambda$doGetBean$0(AbstractBeanFactory.java:339)
	at org.springframework.beans.factory.support.DefaultSingletonBeanRegistry.getSingleton(DefaultSingletonBeanRegistry.java:347)
	at org.springframework.beans.factory.support.AbstractBeanFactory.doGetBean(AbstractBeanFactory.java:337)
	at org.springframework.beans.factory.support.AbstractBeanFactory.getBean(AbstractBeanFactory.java:202)
	at org.springframework.beans.factory.config.DependencyDescriptor.resolveCandidate(DependencyDescriptor.java:254)
	at org.springframework.beans.factory.support.DefaultListableBeanFactory.doResolveDependency(DefaultListableBeanFactory.java:1667)
	at org.springframework.beans.factory.support.DefaultListableBeanFactory.resolveDependency(DefaultListableBeanFactory.java:1555)
	at org.springframework.beans.factory.annotation.AutowiredAnnotationBeanPostProcessor$AutowiredFieldElement.resolveFieldValue(AutowiredAnnotationBeanPostProcessor.java:785)
	... 115 common frames omitted
Caused by: org.springframework.beans.factory.NoSuchBeanDefinitionException: No qualifying bean of type 'org.springframework.security.crypto.password.PasswordEncoder' available: expected at least 1 bean which qualifies as autowire candidate. Dependency annotations: {@org.springframework.beans.factory.annotation.Autowired(required=true)}
	at org.springframework.beans.factory.support.DefaultListableBeanFactory.raiseNoMatchingBeanFound(DefaultListableBeanFactory.java:2207)
	at org.springframework.beans.factory.support.DefaultListableBeanFactory.doResolveDependency(DefaultListableBeanFactory.java:1630)
	at org.springframework.beans.factory.support.DefaultListableBeanFactory.resolveDependency(DefaultListableBeanFactory.java:1555)
	at org.springframework.beans.factory.annotation.AutowiredAnnotationBeanPostProcessor$AutowiredFieldElement.resolveFieldValue(AutowiredAnnotationBeanPostProcessor.java:785)
	... 129 common frames omitted
2025-03-24 23:32:18 - Graceful shutdown complete
2025-03-24 23:32:18 - Stopping ProtocolHandler ["http-nio-8080"]
2025-03-24 23:32:18 - Socket accept failed
java.nio.channels.AsynchronousCloseException: null
	at java.base/java.nio.channels.spi.AbstractInterruptibleChannel.end(AbstractInterruptibleChannel.java:203)
	at java.base/sun.nio.ch.ServerSocketChannelImpl.end(ServerSocketChannelImpl.java:383)
	at java.base/sun.nio.ch.ServerSocketChannelImpl.accept(ServerSocketChannelImpl.java:407)
	at org.apache.tomcat.util.net.NioEndpoint.serverSocketAccept(NioEndpoint.java:518)
	at org.apache.tomcat.util.net.NioEndpoint.serverSocketAccept(NioEndpoint.java:71)
	at org.apache.tomcat.util.net.Acceptor.run(Acceptor.java:128)
	at java.base/java.lang.Thread.run(Thread.java:1583)
2025-03-24 23:32:18 - Closing JPA EntityManagerFactory for persistence unit 'default'
2025-03-24 23:32:18 - Invocation of destroy method failed on bean with name 'inMemoryDatabaseShutdownExecutor': org.h2.jdbc.JdbcSQLNonTransientConnectionException: Database is already closed (to disable automatic closing at VM shutdown, add ";DB_CLOSE_ON_EXIT=FALSE" to the db URL) [90121-232]
2025-03-24 23:32:18 - HikariPool-1 - Shutdown initiated...
2025-03-24 23:32:18 - HikariPool-1 - Shutdown completed.
2025-03-24 23:32:18 - Starting MovieRecommendationApplication using Java 21.0.3 with PID 95256 (/Users/jarvis/Downloads/movierecommendation/target/classes started by jarvis in /Users/jarvis/Downloads/movierecommendation)
2025-03-24 23:32:18 - Running with Spring Boot v3.4.4, Spring v6.2.5
2025-03-24 23:32:18 - The following 1 profile is active: "dev"
2025-03-24 23:32:19 - Bootstrapping Spring Data JPA repositories in DEFAULT mode.
2025-03-24 23:32:19 - Finished Spring Data repository scanning in 6 ms. Found 2 JPA repository interfaces.
2025-03-24 23:32:19 - Tomcat initialized with port 8080 (http)
2025-03-24 23:32:19 - Initializing ProtocolHandler ["http-nio-8080"]
2025-03-24 23:32:19 - Starting service [Tomcat]
2025-03-24 23:32:19 - Starting Servlet engine: [Apache Tomcat/10.1.39]
2025-03-24 23:32:19 - Initializing Spring embedded WebApplicationContext
2025-03-24 23:32:19 - Root WebApplicationContext: initialization completed in 261 ms
2025-03-24 23:32:19 - HHH000204: Processing PersistenceUnitInfo [name: default]
2025-03-24 23:32:19 - HHH000026: Second-level cache disabled
2025-03-24 23:32:19 - No LoadTimeWeaver setup: ignoring JPA class transformer
2025-03-24 23:32:19 - HikariPool-2 - Starting...
2025-03-24 23:32:19 - HikariPool-2 - Added connection conn3: url=jdbc:h2:mem:testdb user=SA
2025-03-24 23:32:19 - HikariPool-2 - Start completed.
2025-03-24 23:32:19 - HHH90000025: H2Dialect does not need to be specified explicitly using 'hibernate.dialect' (remove the property setting and it will be selected by default)
2025-03-24 23:32:19 - HHH10001005: Database info:
	Database JDBC URL [Connecting through datasource 'HikariDataSource (HikariPool-2)']
	Database driver: undefined/unknown
	Database version: 2.3.232
	Autocommit mode: undefined/unknown
	Isolation level: undefined/unknown
	Minimum pool size: undefined/unknown
	Maximum pool size: undefined/unknown
2025-03-24 23:32:19 - HHH000489: No JTA platform available (set 'hibernate.transaction.jta.platform' to enable JTA platform integration)
2025-03-24 23:32:19 - Initialized JPA EntityManagerFactory for persistence unit 'default'
2025-03-24 23:32:19 - Error starting Tomcat context. Exception: org.springframework.beans.factory.UnsatisfiedDependencyException. Message: Error creating bean with name 'apiKeyFilter': Unsatisfied dependency expressed through field 'apiKeyService': Error creating bean with name 'apiKeyServiceImpl': Unsatisfied dependency expressed through field 'passwordEncoder': No qualifying bean of type 'org.springframework.security.crypto.password.PasswordEncoder' available: expected at least 1 bean which qualifies as autowire candidate. Dependency annotations: {@org.springframework.beans.factory.annotation.Autowired(required=true)}
2025-03-24 23:32:19 - Stopping service [Tomcat]
2025-03-24 23:32:19 - The web application [mra] appears to have started a thread named [HikariPool-2 housekeeper] but has failed to stop it. This is very likely to create a memory leak. Stack trace of thread:
 java.base/jdk.internal.misc.Unsafe.park(Native Method)
 java.base/java.util.concurrent.locks.LockSupport.parkNanos(LockSupport.java:269)
 java.base/java.util.concurrent.locks.AbstractQueuedSynchronizer$ConditionObject.awaitNanos(AbstractQueuedSynchronizer.java:1758)
 java.base/java.util.concurrent.ScheduledThreadPoolExecutor$DelayedWorkQueue.take(ScheduledThreadPoolExecutor.java:1182)
 java.base/java.util.concurrent.ScheduledThreadPoolExecutor$DelayedWorkQueue.take(ScheduledThreadPoolExecutor.java:899)
 java.base/java.util.concurrent.ThreadPoolExecutor.getTask(ThreadPoolExecutor.java:1070)
 java.base/java.util.concurrent.ThreadPoolExecutor.runWorker(ThreadPoolExecutor.java:1130)
 java.base/java.util.concurrent.ThreadPoolExecutor$Worker.run(ThreadPoolExecutor.java:642)
 java.base/java.lang.Thread.run(Thread.java:1583)
2025-03-24 23:32:19 - Exception encountered during context initialization - cancelling refresh attempt: org.springframework.context.ApplicationContextException: Unable to start web server
2025-03-24 23:32:19 - Closing JPA EntityManagerFactory for persistence unit 'default'
2025-03-24 23:32:19 - Invocation of destroy method failed on bean with name 'inMemoryDatabaseShutdownExecutor': org.h2.jdbc.JdbcSQLNonTransientConnectionException: Database is already closed (to disable automatic closing at VM shutdown, add ";DB_CLOSE_ON_EXIT=FALSE" to the db URL) [90121-232]
2025-03-24 23:32:19 - HikariPool-2 - Shutdown initiated...
2025-03-24 23:32:19 - HikariPool-2 - Shutdown completed.
2025-03-24 23:32:19 - 

Error starting ApplicationContext. To display the condition evaluation report re-run your application with 'debug' enabled.
2025-03-24 23:32:19 - 

***************************
APPLICATION FAILED TO START
***************************

Description:

Field passwordEncoder in com.movies.movierecommendation.service.ApiKeyServiceImpl required a bean of type 'org.springframework.security.crypto.password.PasswordEncoder' that could not be found.

The injection point has the following annotations:
	- @org.springframework.beans.factory.annotation.Autowired(required=true)


Action:

Consider defining a bean of type 'org.springframework.security.crypto.password.PasswordEncoder' in your configuration.

2025-03-24 23:34:04 - Starting MovieRecommendationApplication using Java 21.0.3 with PID 96169 (/Users/jarvis/Downloads/movierecommendation/target/classes started by jarvis in /Users/jarvis/Downloads/movierecommendation)
2025-03-24 23:34:04 - Running with Spring Boot v3.4.4, Spring v6.2.5
2025-03-24 23:34:04 - The following 1 profile is active: "dev"
2025-03-24 23:34:04 - Devtools property defaults active! Set 'spring.devtools.add-properties' to 'false' to disable
2025-03-24 23:34:04 - For additional web related logging consider setting the 'logging.level.web' property to 'DEBUG'
2025-03-24 23:34:05 - Bootstrapping Spring Data JPA repositories in DEFAULT mode.
2025-03-24 23:34:05 - Finished Spring Data repository scanning in 29 ms. Found 2 JPA repository interfaces.
2025-03-24 23:34:05 - Tomcat initialized with port 8080 (http)
2025-03-24 23:34:05 - Initializing ProtocolHandler ["http-nio-8080"]
2025-03-24 23:34:05 - Starting service [Tomcat]
2025-03-24 23:34:05 - Starting Servlet engine: [Apache Tomcat/10.1.39]
2025-03-24 23:34:05 - Initializing Spring embedded WebApplicationContext
2025-03-24 23:34:05 - Root WebApplicationContext: initialization completed in 792 ms
2025-03-24 23:34:05 - HHH000204: Processing PersistenceUnitInfo [name: default]
2025-03-24 23:34:05 - HHH000412: Hibernate ORM core version 6.6.11.Final
2025-03-24 23:34:05 - HHH000026: Second-level cache disabled
2025-03-24 23:34:05 - No LoadTimeWeaver setup: ignoring JPA class transformer
2025-03-24 23:34:05 - HikariPool-1 - Starting...
2025-03-24 23:34:05 - HikariPool-1 - Added connection conn0: url=jdbc:h2:mem:testdb user=SA
2025-03-24 23:34:05 - HikariPool-1 - Start completed.
2025-03-24 23:34:05 - HHH90000025: H2Dialect does not need to be specified explicitly using 'hibernate.dialect' (remove the property setting and it will be selected by default)
2025-03-24 23:34:05 - HHH10001005: Database info:
	Database JDBC URL [Connecting through datasource 'HikariDataSource (HikariPool-1)']
	Database driver: undefined/unknown
	Database version: 2.3.232
	Autocommit mode: undefined/unknown
	Isolation level: undefined/unknown
	Minimum pool size: undefined/unknown
	Maximum pool size: undefined/unknown
2025-03-24 23:34:06 - HHH000489: No JTA platform available (set 'hibernate.transaction.jta.platform' to enable JTA platform integration)
2025-03-24 23:34:06 - Initialized JPA EntityManagerFactory for persistence unit 'default'
2025-03-24 23:34:06 - Hibernate is in classpath; If applicable, HQL parser will be used.
2025-03-24 23:34:06 - Error starting Tomcat context. Exception: org.springframework.beans.factory.UnsatisfiedDependencyException. Message: Error creating bean with name 'apiKeyFilter': Unsatisfied dependency expressed through field 'apiKeyService': Error creating bean with name 'apiKeyServiceImpl': Unsatisfied dependency expressed through field 'passwordEncoder': Error creating bean with name 'securityConfig': Unsatisfied dependency expressed through field 'apiKeyFilter': Error creating bean with name 'apiKeyFilter': Requested bean is currently in creation: Is there an unresolvable circular reference or an asynchronous initialization dependency?
2025-03-24 23:34:06 - Stopping service [Tomcat]
2025-03-24 23:34:06 - The web application [mra] appears to have started a thread named [HikariPool-1 housekeeper] but has failed to stop it. This is very likely to create a memory leak. Stack trace of thread:
 java.base/jdk.internal.misc.Unsafe.park(Native Method)
 java.base/java.util.concurrent.locks.LockSupport.parkNanos(LockSupport.java:269)
 java.base/java.util.concurrent.locks.AbstractQueuedSynchronizer$ConditionObject.awaitNanos(AbstractQueuedSynchronizer.java:1758)
 java.base/java.util.concurrent.ScheduledThreadPoolExecutor$DelayedWorkQueue.take(ScheduledThreadPoolExecutor.java:1182)
 java.base/java.util.concurrent.ScheduledThreadPoolExecutor$DelayedWorkQueue.take(ScheduledThreadPoolExecutor.java:899)
 java.base/java.util.concurrent.ThreadPoolExecutor.getTask(ThreadPoolExecutor.java:1070)
 java.base/java.util.concurrent.ThreadPoolExecutor.runWorker(ThreadPoolExecutor.java:1130)
 java.base/java.util.concurrent.ThreadPoolExecutor$Worker.run(ThreadPoolExecutor.java:642)
 java.base/java.lang.Thread.run(Thread.java:1583)
2025-03-24 23:34:06 - Exception encountered during context initialization - cancelling refresh attempt: org.springframework.context.ApplicationContextException: Unable to start web server
2025-03-24 23:34:06 - Closing JPA EntityManagerFactory for persistence unit 'default'
2025-03-24 23:34:06 - Invocation of destroy method failed on bean with name 'inMemoryDatabaseShutdownExecutor': org.h2.jdbc.JdbcSQLNonTransientConnectionException: Database is already closed (to disable automatic closing at VM shutdown, add ";DB_CLOSE_ON_EXIT=FALSE" to the db URL) [90121-232]
2025-03-24 23:34:06 - HikariPool-1 - Shutdown initiated...
2025-03-24 23:34:06 - HikariPool-1 - Shutdown completed.
2025-03-24 23:34:06 - 

Error starting ApplicationContext. To display the condition evaluation report re-run your application with 'debug' enabled.
2025-03-24 23:34:06 - 

***************************
APPLICATION FAILED TO START
***************************

Description:

The dependencies of some of the beans in the application context form a cycle:

┌─────┐
|  apiKeyFilter (field private com.movies.movierecommendation.service.ApiKeyService com.movies.movierecommendation.config.filter.ApiKeyFilter.apiKeyService)
↑     ↓
|  apiKeyServiceImpl (field private org.springframework.security.crypto.password.PasswordEncoder com.movies.movierecommendation.service.ApiKeyServiceImpl.passwordEncoder)
↑     ↓
|  securityConfig (field private com.movies.movierecommendation.config.filter.ApiKeyFilter com.movies.movierecommendation.config.SecurityConfig.apiKeyFilter)
└─────┘


Action:

Relying upon circular references is discouraged and they are prohibited by default. Update your application to remove the dependency cycle between beans. As a last resort, it may be possible to break the cycle automatically by setting spring.main.allow-circular-references to true.

2025-03-24 23:36:10 - Starting MovieRecommendationApplicationTests using Java 21.0.3 with PID 96258 (started by jarvis in /Users/jarvis/Downloads/movierecommendation)
2025-03-24 23:36:10 - Running with Spring Boot v3.4.4, Spring v6.2.5
2025-03-24 23:36:10 - The following 1 profile is active: "dev"
2025-03-24 23:36:10 - Bootstrapping Spring Data JPA repositories in DEFAULT mode.
2025-03-24 23:36:10 - Finished Spring Data repository scanning in 27 ms. Found 2 JPA repository interfaces.
2025-03-24 23:36:10 - HHH000204: Processing PersistenceUnitInfo [name: default]
2025-03-24 23:36:10 - HHH000412: Hibernate ORM core version 6.6.11.Final
2025-03-24 23:36:10 - HHH000026: Second-level cache disabled
2025-03-24 23:36:10 - No LoadTimeWeaver setup: ignoring JPA class transformer
2025-03-24 23:36:10 - HikariPool-1 - Starting...
2025-03-24 23:36:11 - HikariPool-1 - Added connection conn0: url=jdbc:h2:mem:testdb user=SA
2025-03-24 23:36:11 - HikariPool-1 - Start completed.
2025-03-24 23:36:11 - HHH90000025: H2Dialect does not need to be specified explicitly using 'hibernate.dialect' (remove the property setting and it will be selected by default)
2025-03-24 23:36:11 - HHH10001005: Database info:
	Database JDBC URL [Connecting through datasource 'HikariDataSource (HikariPool-1)']
	Database driver: undefined/unknown
	Database version: 2.3.232
	Autocommit mode: undefined/unknown
	Isolation level: undefined/unknown
	Minimum pool size: undefined/unknown
	Maximum pool size: undefined/unknown
2025-03-24 23:36:11 - HHH000489: No JTA platform available (set 'hibernate.transaction.jta.platform' to enable JTA platform integration)
2025-03-24 23:36:11 - Initialized JPA EntityManagerFactory for persistence unit 'default'
2025-03-24 23:36:11 - Hibernate is in classpath; If applicable, HQL parser will be used.
2025-03-24 23:36:12 - spring.jpa.open-in-view is enabled by default. Therefore, database queries may be performed during view rendering. Explicitly configure spring.jpa.open-in-view to disable this warning
2025-03-24 23:36:12 - 

Using generated security password: fe4ebe6c-4bc2-4129-aafa-23e80570e907

This generated password is for development use only. Your security configuration must be updated before running your application in production.

2025-03-24 23:36:12 - Global AuthenticationManager configured with UserDetailsService bean with name inMemoryUserDetailsManager
2025-03-24 23:36:12 - Failed to set up a Bean Validation provider: jakarta.validation.NoProviderFoundException: Unable to create a Configuration, because no Jakarta Validation provider could be found. Add a provider like Hibernate Validator (RI) to your classpath.
2025-03-24 23:36:12 - Started MovieRecommendationApplicationTests in 2.397 seconds (process running for 2.838)
2025-03-24 23:36:12 - Closing JPA EntityManagerFactory for persistence unit 'default'
2025-03-24 23:36:12 - HikariPool-1 - Shutdown initiated...
2025-03-24 23:36:12 - HikariPool-1 - Shutdown completed.
2025-03-24 23:37:26 - Starting MovieRecommendationApplicationTests using Java 21.0.3 with PID 96291 (started by jarvis in /Users/jarvis/Downloads/movierecommendation)
2025-03-24 23:37:26 - Running with Spring Boot v3.4.4, Spring v6.2.5
2025-03-24 23:37:26 - The following 1 profile is active: "dev"
2025-03-24 23:37:26 - Bootstrapping Spring Data JPA repositories in DEFAULT mode.
2025-03-24 23:37:26 - Finished Spring Data repository scanning in 27 ms. Found 2 JPA repository interfaces.
2025-03-24 23:37:26 - HHH000204: Processing PersistenceUnitInfo [name: default]
2025-03-24 23:37:26 - HHH000412: Hibernate ORM core version 6.6.11.Final
2025-03-24 23:37:26 - HHH000026: Second-level cache disabled
2025-03-24 23:37:26 - No LoadTimeWeaver setup: ignoring JPA class transformer
2025-03-24 23:37:26 - HikariPool-1 - Starting...
2025-03-24 23:37:26 - HikariPool-1 - Added connection conn0: url=jdbc:h2:mem:testdb user=SA
2025-03-24 23:37:26 - HikariPool-1 - Start completed.
2025-03-24 23:37:26 - HHH90000025: H2Dialect does not need to be specified explicitly using 'hibernate.dialect' (remove the property setting and it will be selected by default)
2025-03-24 23:37:26 - HHH10001005: Database info:
	Database JDBC URL [Connecting through datasource 'HikariDataSource (HikariPool-1)']
	Database driver: undefined/unknown
	Database version: 2.3.232
	Autocommit mode: undefined/unknown
	Isolation level: undefined/unknown
	Minimum pool size: undefined/unknown
	Maximum pool size: undefined/unknown
2025-03-24 23:37:27 - HHH000489: No JTA platform available (set 'hibernate.transaction.jta.platform' to enable JTA platform integration)
2025-03-24 23:37:27 - Initialized JPA EntityManagerFactory for persistence unit 'default'
2025-03-24 23:37:27 - Hibernate is in classpath; If applicable, HQL parser will be used.
2025-03-24 23:37:27 - spring.jpa.open-in-view is enabled by default. Therefore, database queries may be performed during view rendering. Explicitly configure spring.jpa.open-in-view to disable this warning
2025-03-24 23:37:27 - 

Using generated security password: b965c858-9e0f-4460-961d-4d92c9a09568

This generated password is for development use only. Your security configuration must be updated before running your application in production.

2025-03-24 23:37:27 - Global AuthenticationManager configured with UserDetailsService bean with name inMemoryUserDetailsManager
2025-03-24 23:37:28 - Failed to set up a Bean Validation provider: jakarta.validation.NoProviderFoundException: Unable to create a Configuration, because no Jakarta Validation provider could be found. Add a provider like Hibernate Validator (RI) to your classpath.
2025-03-24 23:37:28 - Started MovieRecommendationApplicationTests in 2.266 seconds (process running for 2.668)
2025-03-24 23:37:28 - Closing JPA EntityManagerFactory for persistence unit 'default'
2025-03-24 23:37:28 - HikariPool-1 - Shutdown initiated...
2025-03-24 23:37:28 - HikariPool-1 - Shutdown completed.
2025-03-24 23:37:33 - Starting MovieRecommendationApplication using Java 21.0.3 with PID 96302 (/Users/jarvis/Downloads/movierecommendation/target/classes started by jarvis in /Users/jarvis/Downloads/movierecommendation)
2025-03-24 23:37:33 - Running with Spring Boot v3.4.4, Spring v6.2.5
2025-03-24 23:37:33 - The following 1 profile is active: "dev"
2025-03-24 23:37:33 - Devtools property defaults active! Set 'spring.devtools.add-properties' to 'false' to disable
2025-03-24 23:37:33 - For additional web related logging consider setting the 'logging.level.web' property to 'DEBUG'
2025-03-24 23:37:33 - Bootstrapping Spring Data JPA repositories in DEFAULT mode.
2025-03-24 23:37:33 - Finished Spring Data repository scanning in 26 ms. Found 2 JPA repository interfaces.
2025-03-24 23:37:33 - Tomcat initialized with port 8080 (http)
2025-03-24 23:37:33 - Initializing ProtocolHandler ["http-nio-8080"]
2025-03-24 23:37:33 - Starting service [Tomcat]
2025-03-24 23:37:33 - Starting Servlet engine: [Apache Tomcat/10.1.39]
2025-03-24 23:37:33 - Initializing Spring embedded WebApplicationContext
2025-03-24 23:37:33 - Root WebApplicationContext: initialization completed in 831 ms
2025-03-24 23:37:33 - HHH000204: Processing PersistenceUnitInfo [name: default]
2025-03-24 23:37:33 - HHH000412: Hibernate ORM core version 6.6.11.Final
2025-03-24 23:37:33 - HHH000026: Second-level cache disabled
2025-03-24 23:37:34 - No LoadTimeWeaver setup: ignoring JPA class transformer
2025-03-24 23:37:34 - HikariPool-1 - Starting...
2025-03-24 23:37:34 - HikariPool-1 - Added connection conn0: url=jdbc:h2:mem:testdb user=SA
2025-03-24 23:37:34 - HikariPool-1 - Start completed.
2025-03-24 23:37:34 - HHH90000025: H2Dialect does not need to be specified explicitly using 'hibernate.dialect' (remove the property setting and it will be selected by default)
2025-03-24 23:37:34 - HHH10001005: Database info:
	Database JDBC URL [Connecting through datasource 'HikariDataSource (HikariPool-1)']
	Database driver: undefined/unknown
	Database version: 2.3.232
	Autocommit mode: undefined/unknown
	Isolation level: undefined/unknown
	Minimum pool size: undefined/unknown
	Maximum pool size: undefined/unknown
2025-03-24 23:37:34 - HHH000489: No JTA platform available (set 'hibernate.transaction.jta.platform' to enable JTA platform integration)
2025-03-24 23:37:34 - Initialized JPA EntityManagerFactory for persistence unit 'default'
2025-03-24 23:37:34 - Hibernate is in classpath; If applicable, HQL parser will be used.
2025-03-24 23:37:34 - Filter 'apiKeyFilter' configured for use
2025-03-24 23:37:35 - spring.jpa.open-in-view is enabled by default. Therefore, database queries may be performed during view rendering. Explicitly configure spring.jpa.open-in-view to disable this warning
2025-03-24 23:37:35 - 

Using generated security password: c117e209-f64b-4f2d-b532-2a4a29068467

This generated password is for development use only. Your security configuration must be updated before running your application in production.

2025-03-24 23:37:35 - Global AuthenticationManager configured with UserDetailsService bean with name inMemoryUserDetailsManager
2025-03-24 23:37:35 - Failed to set up a Bean Validation provider: jakarta.validation.NoProviderFoundException: Unable to create a Configuration, because no Jakarta Validation provider could be found. Add a provider like Hibernate Validator (RI) to your classpath.
2025-03-24 23:37:35 - H2 console available at '/h2-console'. Database available at 'jdbc:h2:mem:testdb'
2025-03-24 23:37:35 - LiveReload server is running on port 35729
2025-03-24 23:37:35 - Starting ProtocolHandler ["http-nio-8080"]
2025-03-24 23:37:35 - Tomcat started on port 8080 (http) with context path '/mra'
2025-03-24 23:37:35 - Started MovieRecommendationApplication in 2.598 seconds (process running for 2.811)
2025-03-24 23:38:09 - Commencing graceful shutdown. Waiting for active requests to complete
2025-03-24 23:43:03 - Starting MovieRecommendationApplicationTests using Java 21.0.3 with PID 96367 (started by jarvis in /Users/jarvis/Downloads/movierecommendation)
2025-03-24 23:43:03 - Running with Spring Boot v3.4.4, Spring v6.2.5
2025-03-24 23:43:03 - The following 1 profile is active: "dev"
2025-03-24 23:43:03 - Bootstrapping Spring Data JPA repositories in DEFAULT mode.
2025-03-24 23:43:03 - Finished Spring Data repository scanning in 29 ms. Found 2 JPA repository interfaces.
2025-03-24 23:43:04 - HHH000204: Processing PersistenceUnitInfo [name: default]
2025-03-24 23:43:04 - HHH000412: Hibernate ORM core version 6.6.11.Final
2025-03-24 23:43:04 - HHH000026: Second-level cache disabled
2025-03-24 23:43:04 - No LoadTimeWeaver setup: ignoring JPA class transformer
2025-03-24 23:43:04 - HikariPool-1 - Starting...
2025-03-24 23:43:04 - HikariPool-1 - Added connection conn0: url=jdbc:h2:mem:testdb user=SA
2025-03-24 23:43:04 - HikariPool-1 - Start completed.
2025-03-24 23:43:04 - HHH90000025: H2Dialect does not need to be specified explicitly using 'hibernate.dialect' (remove the property setting and it will be selected by default)
2025-03-24 23:43:04 - HHH10001005: Database info:
	Database JDBC URL [Connecting through datasource 'HikariDataSource (HikariPool-1)']
	Database driver: undefined/unknown
	Database version: 2.3.232
	Autocommit mode: undefined/unknown
	Isolation level: undefined/unknown
	Minimum pool size: undefined/unknown
	Maximum pool size: undefined/unknown
2025-03-24 23:43:04 - HHH000489: No JTA platform available (set 'hibernate.transaction.jta.platform' to enable JTA platform integration)
2025-03-24 23:43:04 - Initialized JPA EntityManagerFactory for persistence unit 'default'
2025-03-24 23:43:04 - Hibernate is in classpath; If applicable, HQL parser will be used.
2025-03-24 23:43:05 - spring.jpa.open-in-view is enabled by default. Therefore, database queries may be performed during view rendering. Explicitly configure spring.jpa.open-in-view to disable this warning
2025-03-24 23:43:05 - Global AuthenticationManager configured with UserDetailsService bean with name userDetailsService
2025-03-24 23:43:05 - Failed to set up a Bean Validation provider: jakarta.validation.NoProviderFoundException: Unable to create a Configuration, because no Jakarta Validation provider could be found. Add a provider like Hibernate Validator (RI) to your classpath.
2025-03-24 23:43:05 - Started MovieRecommendationApplicationTests in 2.641 seconds (process running for 3.058)
2025-03-24 23:43:06 - Closing JPA EntityManagerFactory for persistence unit 'default'
2025-03-24 23:43:06 - HikariPool-1 - Shutdown initiated...
2025-03-24 23:43:06 - HikariPool-1 - Shutdown completed.
2025-03-24 23:43:12 - Starting MovieRecommendationApplication using Java 21.0.3 with PID 96386 (/Users/jarvis/Downloads/movierecommendation/target/classes started by jarvis in /Users/jarvis/Downloads/movierecommendation)
2025-03-24 23:43:12 - Running with Spring Boot v3.4.4, Spring v6.2.5
2025-03-24 23:43:12 - The following 1 profile is active: "dev"
2025-03-24 23:43:12 - Devtools property defaults active! Set 'spring.devtools.add-properties' to 'false' to disable
2025-03-24 23:43:12 - For additional web related logging consider setting the 'logging.level.web' property to 'DEBUG'
2025-03-24 23:43:12 - Bootstrapping Spring Data JPA repositories in DEFAULT mode.
2025-03-24 23:43:12 - Finished Spring Data repository scanning in 36 ms. Found 2 JPA repository interfaces.
2025-03-24 23:43:13 - Tomcat initialized with port 8080 (http)
2025-03-24 23:43:13 - Initializing ProtocolHandler ["http-nio-8080"]
2025-03-24 23:43:13 - Starting service [Tomcat]
2025-03-24 23:43:13 - Starting Servlet engine: [Apache Tomcat/10.1.39]
2025-03-24 23:43:13 - Initializing Spring embedded WebApplicationContext
2025-03-24 23:43:13 - Root WebApplicationContext: initialization completed in 862 ms
2025-03-24 23:43:13 - HHH000204: Processing PersistenceUnitInfo [name: default]
2025-03-24 23:43:13 - HHH000412: Hibernate ORM core version 6.6.11.Final
2025-03-24 23:43:13 - HHH000026: Second-level cache disabled
2025-03-24 23:43:13 - No LoadTimeWeaver setup: ignoring JPA class transformer
2025-03-24 23:43:13 - HikariPool-1 - Starting...
2025-03-24 23:43:13 - HikariPool-1 - Added connection conn0: url=jdbc:h2:mem:testdb user=SA
2025-03-24 23:43:13 - HikariPool-1 - Start completed.
2025-03-24 23:43:13 - HHH90000025: H2Dialect does not need to be specified explicitly using 'hibernate.dialect' (remove the property setting and it will be selected by default)
2025-03-24 23:43:13 - HHH10001005: Database info:
	Database JDBC URL [Connecting through datasource 'HikariDataSource (HikariPool-1)']
	Database driver: undefined/unknown
	Database version: 2.3.232
	Autocommit mode: undefined/unknown
	Isolation level: undefined/unknown
	Minimum pool size: undefined/unknown
	Maximum pool size: undefined/unknown
2025-03-24 23:43:13 - HHH000489: No JTA platform available (set 'hibernate.transaction.jta.platform' to enable JTA platform integration)
2025-03-24 23:43:13 - Initialized JPA EntityManagerFactory for persistence unit 'default'
2025-03-24 23:43:14 - Hibernate is in classpath; If applicable, HQL parser will be used.
2025-03-24 23:43:14 - Filter 'apiKeyFilter' configured for use
2025-03-24 23:43:14 - spring.jpa.open-in-view is enabled by default. Therefore, database queries may be performed during view rendering. Explicitly configure spring.jpa.open-in-view to disable this warning
2025-03-24 23:43:14 - Global AuthenticationManager configured with UserDetailsService bean with name userDetailsService
2025-03-24 23:43:14 - Failed to set up a Bean Validation provider: jakarta.validation.NoProviderFoundException: Unable to create a Configuration, because no Jakarta Validation provider could be found. Add a provider like Hibernate Validator (RI) to your classpath.
2025-03-24 23:43:14 - H2 console available at '/h2-console'. Database available at 'jdbc:h2:mem:testdb'
2025-03-24 23:43:14 - LiveReload server is running on port 35729
2025-03-24 23:43:14 - Starting ProtocolHandler ["http-nio-8080"]
2025-03-24 23:43:14 - Tomcat started on port 8080 (http) with context path '/mra'
2025-03-24 23:43:14 - Started MovieRecommendationApplication in 2.903 seconds (process running for 3.148)
2025-03-24 23:44:31 - Initializing Spring DispatcherServlet 'dispatcherServlet'
2025-03-24 23:44:31 - Initializing Servlet 'dispatcherServlet'
2025-03-24 23:44:31 - Completed initialization in 4 ms
2025-03-24 23:46:36 - Commencing graceful shutdown. Waiting for active requests to complete
2025-03-24 23:46:38 - Graceful shutdown complete
2025-03-24 23:46:38 - Closing JPA EntityManagerFactory for persistence unit 'default'
2025-03-24 23:46:38 - Invocation of destroy method failed on bean with name 'inMemoryDatabaseShutdownExecutor': org.h2.jdbc.JdbcSQLNonTransientConnectionException: Database is already closed (to disable automatic closing at VM shutdown, add ";DB_CLOSE_ON_EXIT=FALSE" to the db URL) [90121-232]
2025-03-24 23:46:38 - HikariPool-1 - Shutdown initiated...
2025-03-24 23:46:38 - HikariPool-1 - Shutdown completed.
2025-03-24 23:46:41 - Starting MovieRecommendationApplication using Java 21.0.3 with PID 96551 (/Users/jarvis/Downloads/movierecommendation/target/classes started by jarvis in /Users/jarvis/Downloads/movierecommendation)
2025-03-24 23:46:41 - Running with Spring Boot v3.4.4, Spring v6.2.5
2025-03-24 23:46:41 - The following 1 profile is active: "dev"
2025-03-24 23:46:41 - Devtools property defaults active! Set 'spring.devtools.add-properties' to 'false' to disable
2025-03-24 23:46:41 - For additional web related logging consider setting the 'logging.level.web' property to 'DEBUG'
2025-03-24 23:46:41 - Bootstrapping Spring Data JPA repositories in DEFAULT mode.
2025-03-24 23:46:41 - Finished Spring Data repository scanning in 31 ms. Found 2 JPA repository interfaces.
2025-03-24 23:46:42 - Tomcat initialized with port 8080 (http)
2025-03-24 23:46:42 - Initializing ProtocolHandler ["http-nio-8080"]
2025-03-24 23:46:42 - Starting service [Tomcat]
2025-03-24 23:46:42 - Starting Servlet engine: [Apache Tomcat/10.1.39]
2025-03-24 23:46:42 - Initializing Spring embedded WebApplicationContext
2025-03-24 23:46:42 - Root WebApplicationContext: initialization completed in 980 ms
2025-03-24 23:46:42 - HHH000204: Processing PersistenceUnitInfo [name: default]
2025-03-24 23:46:42 - HHH000412: Hibernate ORM core version 6.6.11.Final
2025-03-24 23:46:42 - HHH000026: Second-level cache disabled
2025-03-24 23:46:42 - No LoadTimeWeaver setup: ignoring JPA class transformer
2025-03-24 23:46:42 - HikariPool-1 - Starting...
2025-03-24 23:46:42 - HikariPool-1 - Added connection conn0: url=jdbc:h2:mem:testdb user=SA
2025-03-24 23:46:42 - HikariPool-1 - Start completed.
2025-03-24 23:46:42 - HHH90000025: H2Dialect does not need to be specified explicitly using 'hibernate.dialect' (remove the property setting and it will be selected by default)
2025-03-24 23:46:42 - HHH10001005: Database info:
	Database JDBC URL [Connecting through datasource 'HikariDataSource (HikariPool-1)']
	Database driver: undefined/unknown
	Database version: 2.3.232
	Autocommit mode: undefined/unknown
	Isolation level: undefined/unknown
	Minimum pool size: undefined/unknown
	Maximum pool size: undefined/unknown
2025-03-24 23:46:43 - HHH000489: No JTA platform available (set 'hibernate.transaction.jta.platform' to enable JTA platform integration)
2025-03-24 23:46:43 - Initialized JPA EntityManagerFactory for persistence unit 'default'
2025-03-24 23:46:43 - Hibernate is in classpath; If applicable, HQL parser will be used.
2025-03-24 23:46:43 - Filter 'apiKeyFilter' configured for use
2025-03-24 23:46:43 - spring.jpa.open-in-view is enabled by default. Therefore, database queries may be performed during view rendering. Explicitly configure spring.jpa.open-in-view to disable this warning
2025-03-24 23:46:44 - Global AuthenticationManager configured with UserDetailsService bean with name userDetailsService
2025-03-24 23:46:44 - Failed to set up a Bean Validation provider: jakarta.validation.NoProviderFoundException: Unable to create a Configuration, because no Jakarta Validation provider could be found. Add a provider like Hibernate Validator (RI) to your classpath.
2025-03-24 23:46:44 - H2 console available at '/h2-console'. Database available at 'jdbc:h2:mem:testdb'
2025-03-24 23:46:44 - LiveReload server is running on port 35729
2025-03-24 23:46:44 - Starting ProtocolHandler ["http-nio-8080"]
2025-03-24 23:46:44 - Tomcat started on port 8080 (http) with context path '/mra'
2025-03-24 23:46:44 - Started MovieRecommendationApplication in 3.497 seconds (process running for 4.403)
2025-03-24 23:47:16 - Initializing Spring DispatcherServlet 'dispatcherServlet'
2025-03-24 23:47:16 - Initializing Servlet 'dispatcherServlet'
2025-03-24 23:47:16 - Completed initialization in 4 ms
2025-03-24 23:47:42 - Commencing graceful shutdown. Waiting for active requests to complete
2025-03-24 23:47:42 - Starting MovieRecommendationApplicationTests using Java 21.0.3 with PID 96585 (started by jarvis in /Users/jarvis/Downloads/movierecommendation)
2025-03-24 23:47:42 - Running with Spring Boot v3.4.4, Spring v6.2.5
2025-03-24 23:47:42 - The following 1 profile is active: "dev"
2025-03-24 23:47:43 - Bootstrapping Spring Data JPA repositories in DEFAULT mode.
2025-03-24 23:47:43 - Finished Spring Data repository scanning in 26 ms. Found 2 JPA repository interfaces.
2025-03-24 23:47:43 - HHH000204: Processing PersistenceUnitInfo [name: default]
2025-03-24 23:47:43 - HHH000412: Hibernate ORM core version 6.6.11.Final
2025-03-24 23:47:43 - HHH000026: Second-level cache disabled
2025-03-24 23:47:43 - No LoadTimeWeaver setup: ignoring JPA class transformer
2025-03-24 23:47:43 - HikariPool-1 - Starting...
2025-03-24 23:47:43 - HikariPool-1 - Added connection conn0: url=jdbc:h2:mem:testdb user=SA
2025-03-24 23:47:43 - HikariPool-1 - Start completed.
2025-03-24 23:47:43 - HHH90000025: H2Dialect does not need to be specified explicitly using 'hibernate.dialect' (remove the property setting and it will be selected by default)
2025-03-24 23:47:43 - HHH10001005: Database info:
	Database JDBC URL [Connecting through datasource 'HikariDataSource (HikariPool-1)']
	Database driver: undefined/unknown
	Database version: 2.3.232
	Autocommit mode: undefined/unknown
	Isolation level: undefined/unknown
	Minimum pool size: undefined/unknown
	Maximum pool size: undefined/unknown
2025-03-24 23:47:44 - HHH000489: No JTA platform available (set 'hibernate.transaction.jta.platform' to enable JTA platform integration)
2025-03-24 23:47:44 - Initialized JPA EntityManagerFactory for persistence unit 'default'
2025-03-24 23:47:44 - Hibernate is in classpath; If applicable, HQL parser will be used.
2025-03-24 23:47:44 - spring.jpa.open-in-view is enabled by default. Therefore, database queries may be performed during view rendering. Explicitly configure spring.jpa.open-in-view to disable this warning
2025-03-24 23:47:45 - Global AuthenticationManager configured with UserDetailsService bean with name userDetailsService
2025-03-24 23:47:45 - Failed to set up a Bean Validation provider: jakarta.validation.NoProviderFoundException: Unable to create a Configuration, because no Jakarta Validation provider could be found. Add a provider like Hibernate Validator (RI) to your classpath.
2025-03-24 23:47:45 - Started MovieRecommendationApplicationTests in 2.644 seconds (process running for 3.078)
2025-03-24 23:47:45 - Closing JPA EntityManagerFactory for persistence unit 'default'
2025-03-24 23:47:45 - HikariPool-1 - Shutdown initiated...
2025-03-24 23:47:45 - HikariPool-1 - Shutdown completed.
2025-03-24 23:48:45 - Starting MovieRecommendationApplication using Java 21.0.3 with PID 96603 (/Users/jarvis/Downloads/movierecommendation/target/classes started by jarvis in /Users/jarvis/Downloads/movierecommendation)
2025-03-24 23:48:45 - Running with Spring Boot v3.4.4, Spring v6.2.5
2025-03-24 23:48:45 - The following 1 profile is active: "dev"
2025-03-24 23:48:45 - Devtools property defaults active! Set 'spring.devtools.add-properties' to 'false' to disable
2025-03-24 23:48:45 - For additional web related logging consider setting the 'logging.level.web' property to 'DEBUG'
2025-03-24 23:48:46 - Bootstrapping Spring Data JPA repositories in DEFAULT mode.
2025-03-24 23:48:46 - Finished Spring Data repository scanning in 28 ms. Found 2 JPA repository interfaces.
2025-03-24 23:48:46 - Tomcat initialized with port 8080 (http)
2025-03-24 23:48:46 - Initializing ProtocolHandler ["http-nio-8080"]
2025-03-24 23:48:46 - Starting service [Tomcat]
2025-03-24 23:48:46 - Starting Servlet engine: [Apache Tomcat/10.1.39]
2025-03-24 23:48:46 - Initializing Spring embedded WebApplicationContext
2025-03-24 23:48:46 - Root WebApplicationContext: initialization completed in 802 ms
2025-03-24 23:48:46 - HHH000204: Processing PersistenceUnitInfo [name: default]
2025-03-24 23:48:46 - HHH000412: Hibernate ORM core version 6.6.11.Final
2025-03-24 23:48:46 - HHH000026: Second-level cache disabled
2025-03-24 23:48:46 - No LoadTimeWeaver setup: ignoring JPA class transformer
2025-03-24 23:48:46 - HikariPool-1 - Starting...
2025-03-24 23:48:47 - HikariPool-1 - Added connection conn0: url=jdbc:h2:mem:testdb user=SA
2025-03-24 23:48:47 - HikariPool-1 - Start completed.
2025-03-24 23:48:47 - HHH90000025: H2Dialect does not need to be specified explicitly using 'hibernate.dialect' (remove the property setting and it will be selected by default)
2025-03-24 23:48:47 - HHH10001005: Database info:
	Database JDBC URL [Connecting through datasource 'HikariDataSource (HikariPool-1)']
	Database driver: undefined/unknown
	Database version: 2.3.232
	Autocommit mode: undefined/unknown
	Isolation level: undefined/unknown
	Minimum pool size: undefined/unknown
	Maximum pool size: undefined/unknown
2025-03-24 23:48:47 - HHH000489: No JTA platform available (set 'hibernate.transaction.jta.platform' to enable JTA platform integration)
2025-03-24 23:48:47 - Initialized JPA EntityManagerFactory for persistence unit 'default'
2025-03-24 23:48:47 - Hibernate is in classpath; If applicable, HQL parser will be used.
2025-03-24 23:48:48 - Filter 'apiKeyFilter' configured for use
2025-03-24 23:48:48 - spring.jpa.open-in-view is enabled by default. Therefore, database queries may be performed during view rendering. Explicitly configure spring.jpa.open-in-view to disable this warning
2025-03-24 23:48:48 - Global AuthenticationManager configured with UserDetailsService bean with name userDetailsService
2025-03-24 23:48:49 - Failed to set up a Bean Validation provider: jakarta.validation.NoProviderFoundException: Unable to create a Configuration, because no Jakarta Validation provider could be found. Add a provider like Hibernate Validator (RI) to your classpath.
2025-03-24 23:48:49 - H2 console available at '/h2-console'. Database available at 'jdbc:h2:mem:testdb'
2025-03-24 23:48:49 - LiveReload server is running on port 35729
2025-03-24 23:48:49 - Starting ProtocolHandler ["http-nio-8080"]
2025-03-24 23:48:49 - Tomcat started on port 8080 (http) with context path '/mra'
2025-03-24 23:48:49 - Started MovieRecommendationApplication in 3.8 seconds (process running for 4.092)
2025-03-24 23:53:35 - Initializing Spring DispatcherServlet 'dispatcherServlet'
2025-03-24 23:53:35 - Initializing Servlet 'dispatcherServlet'
2025-03-24 23:53:35 - Completed initialization in 6 ms
2025-03-24 23:54:10 - HikariPool-1 - Thread starvation or clock leap detected (housekeeper delta=53s713ms).
2025-03-24 23:55:41 - Commencing graceful shutdown. Waiting for active requests to complete
2025-03-24 23:58:46 - Starting MovieRecommendationApplication using Java 21.0.3 with PID 96819 (/Users/jarvis/Downloads/movierecommendation/target/classes started by jarvis in /Users/jarvis/Downloads/movierecommendation)
2025-03-24 23:58:46 - Running with Spring Boot v3.4.4, Spring v6.2.5
2025-03-24 23:58:46 - The following 1 profile is active: "dev"
2025-03-24 23:58:46 - Devtools property defaults active! Set 'spring.devtools.add-properties' to 'false' to disable
2025-03-24 23:58:46 - For additional web related logging consider setting the 'logging.level.web' property to 'DEBUG'
2025-03-24 23:58:47 - Bootstrapping Spring Data JPA repositories in DEFAULT mode.
2025-03-24 23:58:47 - Finished Spring Data repository scanning in 25 ms. Found 2 JPA repository interfaces.
2025-03-24 23:58:47 - Tomcat initialized with port 8080 (http)
2025-03-24 23:58:47 - Initializing ProtocolHandler ["http-nio-8080"]
2025-03-24 23:58:47 - Starting service [Tomcat]
2025-03-24 23:58:47 - Starting Servlet engine: [Apache Tomcat/10.1.39]
2025-03-24 23:58:47 - Initializing Spring embedded WebApplicationContext
2025-03-24 23:58:47 - Root WebApplicationContext: initialization completed in 826 ms
2025-03-24 23:58:47 - HHH000204: Processing PersistenceUnitInfo [name: default]
2025-03-24 23:58:47 - HHH000412: Hibernate ORM core version 6.6.11.Final
2025-03-24 23:58:47 - HHH000026: Second-level cache disabled
2025-03-24 23:58:47 - No LoadTimeWeaver setup: ignoring JPA class transformer
2025-03-24 23:58:47 - HikariPool-1 - Starting...
2025-03-24 23:58:47 - HikariPool-1 - Added connection conn0: url=jdbc:h2:mem:testdb user=SA
2025-03-24 23:58:47 - HikariPool-1 - Start completed.
2025-03-24 23:58:47 - HHH90000025: H2Dialect does not need to be specified explicitly using 'hibernate.dialect' (remove the property setting and it will be selected by default)
2025-03-24 23:58:47 - HHH10001005: Database info:
	Database JDBC URL [Connecting through datasource 'HikariDataSource (HikariPool-1)']
	Database driver: undefined/unknown
	Database version: 2.3.232
	Autocommit mode: undefined/unknown
	Isolation level: undefined/unknown
	Minimum pool size: undefined/unknown
	Maximum pool size: undefined/unknown
2025-03-24 23:58:48 - HHH000489: No JTA platform available (set 'hibernate.transaction.jta.platform' to enable JTA platform integration)
2025-03-24 23:58:48 - Initialized JPA EntityManagerFactory for persistence unit 'default'
2025-03-24 23:58:48 - Hibernate is in classpath; If applicable, HQL parser will be used.
2025-03-24 23:58:48 - Filter 'apiKeyFilter' configured for use
2025-03-24 23:58:48 - spring.jpa.open-in-view is enabled by default. Therefore, database queries may be performed during view rendering. Explicitly configure spring.jpa.open-in-view to disable this warning
2025-03-24 23:58:49 - Global AuthenticationManager configured with UserDetailsService bean with name userDetailsService
2025-03-24 23:58:49 - Failed to set up a Bean Validation provider: jakarta.validation.NoProviderFoundException: Unable to create a Configuration, because no Jakarta Validation provider could be found. Add a provider like Hibernate Validator (RI) to your classpath.
2025-03-24 23:58:49 - H2 console available at '/h2-console'. Database available at 'jdbc:h2:mem:testdb'
2025-03-24 23:58:49 - LiveReload server is running on port 35729
2025-03-24 23:58:49 - Starting ProtocolHandler ["http-nio-8080"]
2025-03-24 23:58:49 - Tomcat started on port 8080 (http) with context path '/mra'
2025-03-24 23:58:49 - Started MovieRecommendationApplication in 3.1 seconds (process running for 3.385)
2025-03-24 23:59:02 - Initializing Spring DispatcherServlet 'dispatcherServlet'
2025-03-24 23:59:02 - Initializing Servlet 'dispatcherServlet'
2025-03-24 23:59:02 - Completed initialization in 3 ms
2025-03-25 00:00:44 - Commencing graceful shutdown. Waiting for active requests to complete
2025-03-25 00:00:46 - Graceful shutdown complete
2025-03-25 00:00:46 - Closing JPA EntityManagerFactory for persistence unit 'default'
2025-03-25 00:00:47 - Invocation of destroy method failed on bean with name 'inMemoryDatabaseShutdownExecutor': org.h2.jdbc.JdbcSQLNonTransientConnectionException: Database is already closed (to disable automatic closing at VM shutdown, add ";DB_CLOSE_ON_EXIT=FALSE" to the db URL) [90121-232]
2025-03-25 00:00:47 - HikariPool-1 - Shutdown initiated...
2025-03-25 00:00:47 - HikariPool-1 - Shutdown completed.
2025-03-25 00:00:49 - Starting MovieRecommendationApplication using Java 21.0.3 with PID 96969 (/Users/jarvis/Downloads/movierecommendation/target/classes started by jarvis in /Users/jarvis/Downloads/movierecommendation)
2025-03-25 00:00:49 - Running with Spring Boot v3.4.4, Spring v6.2.5
2025-03-25 00:00:49 - The following 1 profile is active: "dev"
2025-03-25 00:00:49 - Devtools property defaults active! Set 'spring.devtools.add-properties' to 'false' to disable
2025-03-25 00:00:49 - For additional web related logging consider setting the 'logging.level.web' property to 'DEBUG'
2025-03-25 00:00:50 - Bootstrapping Spring Data JPA repositories in DEFAULT mode.
2025-03-25 00:00:50 - Finished Spring Data repository scanning in 26 ms. Found 2 JPA repository interfaces.
2025-03-25 00:00:50 - Tomcat initialized with port 8080 (http)
2025-03-25 00:00:50 - Initializing ProtocolHandler ["http-nio-8080"]
2025-03-25 00:00:50 - Starting service [Tomcat]
2025-03-25 00:00:50 - Starting Servlet engine: [Apache Tomcat/10.1.39]
2025-03-25 00:00:50 - Initializing Spring embedded WebApplicationContext
2025-03-25 00:00:50 - Root WebApplicationContext: initialization completed in 828 ms
2025-03-25 00:00:50 - HHH000204: Processing PersistenceUnitInfo [name: default]
2025-03-25 00:00:50 - HHH000412: Hibernate ORM core version 6.6.11.Final
2025-03-25 00:00:50 - HHH000026: Second-level cache disabled
2025-03-25 00:00:51 - No LoadTimeWeaver setup: ignoring JPA class transformer
2025-03-25 00:00:51 - HikariPool-1 - Starting...
2025-03-25 00:00:51 - HikariPool-1 - Added connection conn0: url=jdbc:h2:mem:testdb user=SA
2025-03-25 00:00:51 - HikariPool-1 - Start completed.
2025-03-25 00:00:51 - HHH90000025: H2Dialect does not need to be specified explicitly using 'hibernate.dialect' (remove the property setting and it will be selected by default)
2025-03-25 00:00:51 - HHH10001005: Database info:
	Database JDBC URL [Connecting through datasource 'HikariDataSource (HikariPool-1)']
	Database driver: undefined/unknown
	Database version: 2.3.232
	Autocommit mode: undefined/unknown
	Isolation level: undefined/unknown
	Minimum pool size: undefined/unknown
	Maximum pool size: undefined/unknown
2025-03-25 00:00:51 - HHH000489: No JTA platform available (set 'hibernate.transaction.jta.platform' to enable JTA platform integration)
2025-03-25 00:00:51 - Initialized JPA EntityManagerFactory for persistence unit 'default'
2025-03-25 00:00:51 - Hibernate is in classpath; If applicable, HQL parser will be used.
2025-03-25 00:00:52 - Filter 'apiKeyFilter' configured for use
2025-03-25 00:00:52 - spring.jpa.open-in-view is enabled by default. Therefore, database queries may be performed during view rendering. Explicitly configure spring.jpa.open-in-view to disable this warning
2025-03-25 00:00:52 - Global AuthenticationManager configured with UserDetailsService bean with name userDetailsService
2025-03-25 00:00:52 - Failed to set up a Bean Validation provider: jakarta.validation.NoProviderFoundException: Unable to create a Configuration, because no Jakarta Validation provider could be found. Add a provider like Hibernate Validator (RI) to your classpath.
2025-03-25 00:00:52 - H2 console available at '/h2-console'. Database available at 'jdbc:h2:mem:testdb'
2025-03-25 00:00:52 - LiveReload server is running on port 35729
2025-03-25 00:00:52 - Starting ProtocolHandler ["http-nio-8080"]
2025-03-25 00:00:52 - Tomcat started on port 8080 (http) with context path '/mra'
2025-03-25 00:00:52 - Started MovieRecommendationApplication in 3.26 seconds (process running for 3.522)
2025-03-25 00:01:39 - Initializing Spring DispatcherServlet 'dispatcherServlet'
2025-03-25 00:01:39 - Initializing Servlet 'dispatcherServlet'
2025-03-25 00:01:39 - Completed initialization in 8 ms
2025-03-25 00:03:29 - HikariPool-1 - Thread starvation or clock leap detected (housekeeper delta=2m8s293ms).
2025-03-25 00:03:29 - Commencing graceful shutdown. Waiting for active requests to complete
2025-03-25 00:03:31 - Graceful shutdown complete
2025-03-25 00:03:31 - Closing JPA EntityManagerFactory for persistence unit 'default'
2025-03-25 00:03:31 - Invocation of destroy method failed on bean with name 'inMemoryDatabaseShutdownExecutor': org.h2.jdbc.JdbcSQLNonTransientConnectionException: Database is already closed (to disable automatic closing at VM shutdown, add ";DB_CLOSE_ON_EXIT=FALSE" to the db URL) [90121-232]
2025-03-25 00:03:31 - HikariPool-1 - Shutdown initiated...
2025-03-25 00:03:31 - HikariPool-1 - Shutdown completed.
2025-03-25 00:03:34 - Starting MovieRecommendationApplication using Java 21.0.3 with PID 97109 (/Users/jarvis/Downloads/movierecommendation/target/classes started by jarvis in /Users/jarvis/Downloads/movierecommendation)
2025-03-25 00:03:34 - Running with Spring Boot v3.4.4, Spring v6.2.5
2025-03-25 00:03:34 - The following 1 profile is active: "dev"
2025-03-25 00:03:34 - Devtools property defaults active! Set 'spring.devtools.add-properties' to 'false' to disable
2025-03-25 00:03:34 - For additional web related logging consider setting the 'logging.level.web' property to 'DEBUG'
2025-03-25 00:03:34 - Bootstrapping Spring Data JPA repositories in DEFAULT mode.
2025-03-25 00:03:34 - Finished Spring Data repository scanning in 30 ms. Found 2 JPA repository interfaces.
2025-03-25 00:03:35 - Tomcat initialized with port 8080 (http)
2025-03-25 00:03:35 - Initializing ProtocolHandler ["http-nio-8080"]
2025-03-25 00:03:35 - Starting service [Tomcat]
2025-03-25 00:03:35 - Starting Servlet engine: [Apache Tomcat/10.1.39]
2025-03-25 00:03:35 - Initializing Spring embedded WebApplicationContext
2025-03-25 00:03:35 - Root WebApplicationContext: initialization completed in 846 ms
2025-03-25 00:03:35 - HHH000204: Processing PersistenceUnitInfo [name: default]
2025-03-25 00:03:35 - HHH000412: Hibernate ORM core version 6.6.11.Final
2025-03-25 00:03:35 - HHH000026: Second-level cache disabled
2025-03-25 00:03:35 - No LoadTimeWeaver setup: ignoring JPA class transformer
2025-03-25 00:03:35 - HikariPool-1 - Starting...
2025-03-25 00:03:35 - HikariPool-1 - Added connection conn0: url=jdbc:h2:mem:testdb user=SA
2025-03-25 00:03:35 - HikariPool-1 - Start completed.
2025-03-25 00:03:35 - HHH90000025: H2Dialect does not need to be specified explicitly using 'hibernate.dialect' (remove the property setting and it will be selected by default)
2025-03-25 00:03:35 - HHH10001005: Database info:
	Database JDBC URL [Connecting through datasource 'HikariDataSource (HikariPool-1)']
	Database driver: undefined/unknown
	Database version: 2.3.232
	Autocommit mode: undefined/unknown
	Isolation level: undefined/unknown
	Minimum pool size: undefined/unknown
	Maximum pool size: undefined/unknown
2025-03-25 00:03:36 - HHH000489: No JTA platform available (set 'hibernate.transaction.jta.platform' to enable JTA platform integration)
2025-03-25 00:03:36 - Initialized JPA EntityManagerFactory for persistence unit 'default'
2025-03-25 00:03:36 - Hibernate is in classpath; If applicable, HQL parser will be used.
2025-03-25 00:03:36 - Filter 'apiKeyFilter' configured for use
2025-03-25 00:03:36 - spring.jpa.open-in-view is enabled by default. Therefore, database queries may be performed during view rendering. Explicitly configure spring.jpa.open-in-view to disable this warning
2025-03-25 00:03:36 - Global AuthenticationManager configured with UserDetailsService bean with name userDetailsService
2025-03-25 00:03:37 - Failed to set up a Bean Validation provider: jakarta.validation.NoProviderFoundException: Unable to create a Configuration, because no Jakarta Validation provider could be found. Add a provider like Hibernate Validator (RI) to your classpath.
2025-03-25 00:03:37 - H2 console available at '/h2-console'. Database available at 'jdbc:h2:mem:testdb'
2025-03-25 00:03:37 - LiveReload server is running on port 35729
2025-03-25 00:03:37 - Starting ProtocolHandler ["http-nio-8080"]
2025-03-25 00:03:37 - Tomcat started on port 8080 (http) with context path '/mra'
2025-03-25 00:03:37 - Started MovieRecommendationApplication in 3.156 seconds (process running for 3.457)
2025-03-25 00:03:57 - Commencing graceful shutdown. Waiting for active requests to complete
2025-03-25 00:03:59 - Graceful shutdown complete
2025-03-25 00:03:59 - Closing JPA EntityManagerFactory for persistence unit 'default'
2025-03-25 00:03:59 - Invocation of destroy method failed on bean with name 'inMemoryDatabaseShutdownExecutor': org.h2.jdbc.JdbcSQLNonTransientConnectionException: Database is already closed (to disable automatic closing at VM shutdown, add ";DB_CLOSE_ON_EXIT=FALSE" to the db URL) [90121-232]
2025-03-25 00:03:59 - HikariPool-1 - Shutdown initiated...
2025-03-25 00:03:59 - HikariPool-1 - Shutdown completed.
2025-03-25 00:04:01 - Starting MovieRecommendationApplication using Java 21.0.3 with PID 97117 (/Users/jarvis/Downloads/movierecommendation/target/classes started by jarvis in /Users/jarvis/Downloads/movierecommendation)
2025-03-25 00:04:01 - Running with Spring Boot v3.4.4, Spring v6.2.5
2025-03-25 00:04:01 - The following 1 profile is active: "dev"
2025-03-25 00:04:01 - Devtools property defaults active! Set 'spring.devtools.add-properties' to 'false' to disable
2025-03-25 00:04:01 - For additional web related logging consider setting the 'logging.level.web' property to 'DEBUG'
2025-03-25 00:04:01 - Bootstrapping Spring Data JPA repositories in DEFAULT mode.
2025-03-25 00:04:01 - Finished Spring Data repository scanning in 26 ms. Found 2 JPA repository interfaces.
2025-03-25 00:04:02 - Tomcat initialized with port 8080 (http)
2025-03-25 00:04:02 - Initializing ProtocolHandler ["http-nio-8080"]
2025-03-25 00:04:02 - Starting service [Tomcat]
2025-03-25 00:04:02 - Starting Servlet engine: [Apache Tomcat/10.1.39]
2025-03-25 00:04:02 - Initializing Spring embedded WebApplicationContext
2025-03-25 00:04:02 - Root WebApplicationContext: initialization completed in 742 ms
2025-03-25 00:04:02 - HHH000204: Processing PersistenceUnitInfo [name: default]
2025-03-25 00:04:02 - HHH000412: Hibernate ORM core version 6.6.11.Final
2025-03-25 00:04:02 - HHH000026: Second-level cache disabled
2025-03-25 00:04:02 - No LoadTimeWeaver setup: ignoring JPA class transformer
2025-03-25 00:04:02 - HikariPool-1 - Starting...
2025-03-25 00:04:02 - HikariPool-1 - Added connection conn0: url=jdbc:h2:mem:testdb user=SA
2025-03-25 00:04:02 - HikariPool-1 - Start completed.
2025-03-25 00:04:02 - HHH90000025: H2Dialect does not need to be specified explicitly using 'hibernate.dialect' (remove the property setting and it will be selected by default)
2025-03-25 00:04:02 - HHH10001005: Database info:
	Database JDBC URL [Connecting through datasource 'HikariDataSource (HikariPool-1)']
	Database driver: undefined/unknown
	Database version: 2.3.232
	Autocommit mode: undefined/unknown
	Isolation level: undefined/unknown
	Minimum pool size: undefined/unknown
	Maximum pool size: undefined/unknown
2025-03-25 00:04:02 - HHH000489: No JTA platform available (set 'hibernate.transaction.jta.platform' to enable JTA platform integration)
2025-03-25 00:04:02 - Initialized JPA EntityManagerFactory for persistence unit 'default'
2025-03-25 00:04:03 - Hibernate is in classpath; If applicable, HQL parser will be used.
2025-03-25 00:04:03 - Filter 'apiKeyFilter' configured for use
2025-03-25 00:04:03 - spring.jpa.open-in-view is enabled by default. Therefore, database queries may be performed during view rendering. Explicitly configure spring.jpa.open-in-view to disable this warning
2025-03-25 00:04:03 - Global AuthenticationManager configured with UserDetailsService bean with name userDetailsService
2025-03-25 00:04:03 - Failed to set up a Bean Validation provider: jakarta.validation.NoProviderFoundException: Unable to create a Configuration, because no Jakarta Validation provider could be found. Add a provider like Hibernate Validator (RI) to your classpath.
2025-03-25 00:04:03 - H2 console available at '/h2-console'. Database available at 'jdbc:h2:mem:testdb'
2025-03-25 00:04:03 - LiveReload server is running on port 35729
2025-03-25 00:04:03 - Starting ProtocolHandler ["http-nio-8080"]
2025-03-25 00:04:03 - Tomcat started on port 8080 (http) with context path '/mra'
2025-03-25 00:04:03 - Started MovieRecommendationApplication in 2.908 seconds (process running for 3.166)
2025-03-25 00:04:10 - Initializing Spring DispatcherServlet 'dispatcherServlet'
2025-03-25 00:04:10 - Initializing Servlet 'dispatcherServlet'
2025-03-25 00:04:10 - Completed initialization in 1 ms
2025-03-25 00:04:20 - Commencing graceful shutdown. Waiting for active requests to complete
